../Core/Src/main.c:122:5:main	72	static
../Core/Src/main.c:216:6:SystemClock_Config	88	static
../Core/Src/main.c:270:13:MX_CRC_Init	8	static
../Core/Src/main.c:296:13:MX_DMA2D_Init	8	static
../Core/Src/main.c:333:13:MX_I2C3_Init	8	static
../Core/Src/main.c:381:13:MX_LTDC_Init	64	static
../Core/Src/main.c:443:13:MX_SPI5_Init	8	static
../Core/Src/main.c:481:13:MX_TIM1_Init	32	static
../Core/Src/main.c:527:13:MX_USART1_UART_Init	8	static
../Core/Src/main.c:556:13:MX_FMC_Init	40	static
../Core/Src/main.c:607:13:MX_GPIO_Init	64	static
../Core/Src/main.c:703:5:_write	24	static
../Core/Src/main.c:709:6:HAL_LTDC_ReloadEventCallback	16	static
../Core/Src/main.c:714:6:Rewrite_History	24	static
../Core/Src/main.c:738:6:StartDataGathering	16	static
../Core/Src/main.c:756:6:StartDefaultTask	104	static
../Core/Src/main.c:796:6:HAL_TIM_PeriodElapsedCallback	16	static
../Core/Src/main.c:813:6:Error_Handler	4	static,ignoring_inline_asm
