../Core/Src/main.c:135:5:main	72	static
../Core/Src/main.c:229:6:SystemClock_Config	88	static
../Core/Src/main.c:283:13:MX_CRC_Init	8	static
../Core/Src/main.c:309:13:MX_DMA2D_Init	8	static
../Core/Src/main.c:346:13:MX_I2C3_Init	8	static
../Core/Src/main.c:394:13:MX_LTDC_Init	64	static
../Core/Src/main.c:456:13:MX_SPI5_Init	8	static
../Core/Src/main.c:494:13:MX_TIM1_Init	32	static
../Core/Src/main.c:540:13:MX_USART1_UART_Init	8	static
../Core/Src/main.c:569:13:MX_FMC_Init	40	static
../Core/Src/main.c:620:13:MX_GPIO_Init	64	static
../Core/Src/main.c:716:5:_write	24	static
../Core/Src/main.c:722:6:HAL_LTDC_ReloadEventCallback	16	static
../Core/Src/main.c:727:6:Rewrite_History	32	static
../Core/Src/main.c:759:6:StartDataGathering	16	static
../Core/Src/main.c:768:6:CheckForBoundaries	4	static
../Core/Src/main.c:821:6:StartDefaultTask	104	static
../Core/Src/main.c:873:6:HAL_TIM_PeriodElapsedCallback	16	static
../Core/Src/main.c:890:6:Error_Handler	4	static,ignoring_inline_asm
