Archive member included to satisfy reference by file (symbol)

c:/st/stm32cubeide_1.9.0/stm32cubeide/plugins/com.st.stm32cube.ide.mcu.externaltools.gnu-tools-for-stm32.10.3-2021.10.win32_1.0.0.202111181127/tools/bin/../lib/gcc/arm-none-eabi/10.3.1/../../../../arm-none-eabi/lib/thumb/v7e-m+fp/hard\libc_nano.a(lib_a-errno.o)
                              ./Core/Src/syscalls.o (__errno)
c:/st/stm32cubeide_1.9.0/stm32cubeide/plugins/com.st.stm32cube.ide.mcu.externaltools.gnu-tools-for-stm32.10.3-2021.10.win32_1.0.0.202111181127/tools/bin/../lib/gcc/arm-none-eabi/10.3.1/../../../../arm-none-eabi/lib/thumb/v7e-m+fp/hard\libc_nano.a(lib_a-exit.o)
                              c:/st/stm32cubeide_1.9.0/stm32cubeide/plugins/com.st.stm32cube.ide.mcu.externaltools.gnu-tools-for-stm32.10.3-2021.10.win32_1.0.0.202111181127/tools/bin/../lib/gcc/arm-none-eabi/10.3.1/../../../../arm-none-eabi/lib/thumb/v7e-m+fp/hard/crt0.o (exit)
c:/st/stm32cubeide_1.9.0/stm32cubeide/plugins/com.st.stm32cube.ide.mcu.externaltools.gnu-tools-for-stm32.10.3-2021.10.win32_1.0.0.202111181127/tools/bin/../lib/gcc/arm-none-eabi/10.3.1/../../../../arm-none-eabi/lib/thumb/v7e-m+fp/hard\libc_nano.a(lib_a-findfp.o)
                              ./Middlewares/Third_Party/FreeRTOS/Source/tasks.o (__sf_fake_stderr)
c:/st/stm32cubeide_1.9.0/stm32cubeide/plugins/com.st.stm32cube.ide.mcu.externaltools.gnu-tools-for-stm32.10.3-2021.10.win32_1.0.0.202111181127/tools/bin/../lib/gcc/arm-none-eabi/10.3.1/../../../../arm-none-eabi/lib/thumb/v7e-m+fp/hard\libc_nano.a(lib_a-fwalk.o)
                              c:/st/stm32cubeide_1.9.0/stm32cubeide/plugins/com.st.stm32cube.ide.mcu.externaltools.gnu-tools-for-stm32.10.3-2021.10.win32_1.0.0.202111181127/tools/bin/../lib/gcc/arm-none-eabi/10.3.1/../../../../arm-none-eabi/lib/thumb/v7e-m+fp/hard\libc_nano.a(lib_a-findfp.o) (_fwalk)
c:/st/stm32cubeide_1.9.0/stm32cubeide/plugins/com.st.stm32cube.ide.mcu.externaltools.gnu-tools-for-stm32.10.3-2021.10.win32_1.0.0.202111181127/tools/bin/../lib/gcc/arm-none-eabi/10.3.1/../../../../arm-none-eabi/lib/thumb/v7e-m+fp/hard\libc_nano.a(lib_a-impure.o)
                              c:/st/stm32cubeide_1.9.0/stm32cubeide/plugins/com.st.stm32cube.ide.mcu.externaltools.gnu-tools-for-stm32.10.3-2021.10.win32_1.0.0.202111181127/tools/bin/../lib/gcc/arm-none-eabi/10.3.1/../../../../arm-none-eabi/lib/thumb/v7e-m+fp/hard\libc_nano.a(lib_a-exit.o) (_global_impure_ptr)
c:/st/stm32cubeide_1.9.0/stm32cubeide/plugins/com.st.stm32cube.ide.mcu.externaltools.gnu-tools-for-stm32.10.3-2021.10.win32_1.0.0.202111181127/tools/bin/../lib/gcc/arm-none-eabi/10.3.1/../../../../arm-none-eabi/lib/thumb/v7e-m+fp/hard\libc_nano.a(lib_a-init.o)
                              c:/st/stm32cubeide_1.9.0/stm32cubeide/plugins/com.st.stm32cube.ide.mcu.externaltools.gnu-tools-for-stm32.10.3-2021.10.win32_1.0.0.202111181127/tools/bin/../lib/gcc/arm-none-eabi/10.3.1/../../../../arm-none-eabi/lib/thumb/v7e-m+fp/hard/crt0.o (__libc_init_array)
c:/st/stm32cubeide_1.9.0/stm32cubeide/plugins/com.st.stm32cube.ide.mcu.externaltools.gnu-tools-for-stm32.10.3-2021.10.win32_1.0.0.202111181127/tools/bin/../lib/gcc/arm-none-eabi/10.3.1/../../../../arm-none-eabi/lib/thumb/v7e-m+fp/hard\libc_nano.a(lib_a-lock.o)
                              c:/st/stm32cubeide_1.9.0/stm32cubeide/plugins/com.st.stm32cube.ide.mcu.externaltools.gnu-tools-for-stm32.10.3-2021.10.win32_1.0.0.202111181127/tools/bin/../lib/gcc/arm-none-eabi/10.3.1/../../../../arm-none-eabi/lib/thumb/v7e-m+fp/hard\libc_nano.a(lib_a-findfp.o) (__retarget_lock_init_recursive)
c:/st/stm32cubeide_1.9.0/stm32cubeide/plugins/com.st.stm32cube.ide.mcu.externaltools.gnu-tools-for-stm32.10.3-2021.10.win32_1.0.0.202111181127/tools/bin/../lib/gcc/arm-none-eabi/10.3.1/../../../../arm-none-eabi/lib/thumb/v7e-m+fp/hard\libc_nano.a(lib_a-memcpy-stub.o)
                              ./Middlewares/Third_Party/FreeRTOS/Source/queue.o (memcpy)
c:/st/stm32cubeide_1.9.0/stm32cubeide/plugins/com.st.stm32cube.ide.mcu.externaltools.gnu-tools-for-stm32.10.3-2021.10.win32_1.0.0.202111181127/tools/bin/../lib/gcc/arm-none-eabi/10.3.1/../../../../arm-none-eabi/lib/thumb/v7e-m+fp/hard\libc_nano.a(lib_a-memset.o)
                              c:/st/stm32cubeide_1.9.0/stm32cubeide/plugins/com.st.stm32cube.ide.mcu.externaltools.gnu-tools-for-stm32.10.3-2021.10.win32_1.0.0.202111181127/tools/bin/../lib/gcc/arm-none-eabi/10.3.1/../../../../arm-none-eabi/lib/thumb/v7e-m+fp/hard/crt0.o (memset)
c:/st/stm32cubeide_1.9.0/stm32cubeide/plugins/com.st.stm32cube.ide.mcu.externaltools.gnu-tools-for-stm32.10.3-2021.10.win32_1.0.0.202111181127/tools/bin/../lib/gcc/arm-none-eabi/10.3.1/../../../../arm-none-eabi/lib/thumb/v7e-m+fp/hard\libc_nano.a(lib_a-nano-mallocr.o)
[...]
Memory Configuration

Name             Origin             Length             Attributes
CCMRAM           0x0000000010000000 0x0000000000010000 xrw
RAM              0x0000000020000000 0x0000000000030000 xrw
FLASH            0x0000000008000000 0x0000000000200000 xr
*default*        0x0000000000000000 0xffffffffffffffff

Linker script and memory map

LOAD c:/st/stm32cubeide_1.9.0/stm32cubeide/plugins/com.st.stm32cube.ide.mcu.externaltools.gnu-tools-for-stm32.10.3-2021.10.win32_1.0.0.202111181127/tools/bin/../lib/gcc/arm-none-eabi/10.3.1/thumb/v7e-m+fp/hard/crti.o
LOAD c:/st/stm32cubeide_1.9.0/stm32cubeide/plugins/com.st.stm32cube.ide.mcu.externaltools.gnu-tools-for-stm32.10.3-2021.10.win32_1.0.0.202111181127/tools/bin/../lib/gcc/arm-none-eabi/10.3.1/thumb/v7e-m+fp/hard/crtbegin.o
LOAD c:/st/stm32cubeide_1.9.0/stm32cubeide/plugins/com.st.stm32cube.ide.mcu.externaltools.gnu-tools-for-stm32.10.3-2021.10.win32_1.0.0.202111181127/tools/bin/../lib/gcc/arm-none-eabi/10.3.1/../../../../arm-none-eabi/lib/thumb/v7e-m+fp/hard/crt0.o
LOAD ./Core/Src/freertos.o
LOAD ./Core/Src/main.o
LOAD ./Core/Src/pid.o
LOAD ./Core/Src/stm32f4xx_hal_msp.o
LOAD ./Core/Src/stm32f4xx_hal_timebase_tim.o
LOAD ./Core/Src/stm32f4xx_it.o
LOAD ./Core/Src/syscalls.o
LOAD ./Core/Src/sysmem.o
LOAD ./Core/Src/system_stm32f4xx.o
LOAD ./Core/Startup/startup_stm32f429zitx.o
LOAD ./Drivers/BSP/Components/ili9341/ili9341.o
LOAD ./Drivers/BSP/Components/l3gd20/l3gd20.o
LOAD ./Drivers/BSP/STM32F429I-Discovery/stm32f429i_discovery.o
LOAD ./Drivers/BSP/STM32F429I-Discovery/stm32f429i_discovery_eeprom.o
LOAD ./Drivers/BSP/STM32F429I-Discovery/stm32f429i_discovery_gyroscope.o
LOAD ./Drivers/BSP/STM32F429I-Discovery/stm32f429i_discovery_lcd.o
LOAD ./Drivers/BSP/STM32F429I-Discovery/stm32f429i_discovery_sdram.o
LOAD ./Drivers/STM32F4xx_HAL_Driver/Src/stm32f4xx_hal.o
LOAD ./Drivers/STM32F4xx_HAL_Driver/Src/stm32f4xx_hal_cortex.o
LOAD ./Drivers/STM32F4xx_HAL_Driver/Src/stm32f4xx_hal_crc.o
LOAD ./Drivers/STM32F4xx_HAL_Driver/Src/stm32f4xx_hal_dma.o
LOAD ./Drivers/STM32F4xx_HAL_Driver/Src/stm32f4xx_hal_dma2d.o
LOAD ./Drivers/STM32F4xx_HAL_Driver/Src/stm32f4xx_hal_dma_ex.o
LOAD ./Drivers/STM32F4xx_HAL_Driver/Src/stm32f4xx_hal_dsi.o
LOAD ./Drivers/STM32F4xx_HAL_Driver/Src/stm32f4xx_hal_exti.o
LOAD ./Drivers/STM32F4xx_HAL_Driver/Src/stm32f4xx_hal_flash.o
LOAD ./Drivers/STM32F4xx_HAL_Driver/Src/stm32f4xx_hal_flash_ex.o
LOAD ./Drivers/STM32F4xx_HAL_Driver/Src/stm32f4xx_hal_flash_ramfunc.o
LOAD ./Drivers/STM32F4xx_HAL_Driver/Src/stm32f4xx_hal_gpio.o
LOAD ./Drivers/STM32F4xx_HAL_Driver/Src/stm32f4xx_hal_i2c.o
LOAD ./Drivers/STM32F4xx_HAL_Driver/Src/stm32f4xx_hal_i2c_ex.o
LOAD ./Drivers/STM32F4xx_HAL_Driver/Src/stm32f4xx_hal_ltdc.o
LOAD ./Drivers/STM32F4xx_HAL_Driver/Src/stm32f4xx_hal_ltdc_ex.o
LOAD ./Drivers/STM32F4xx_HAL_Driver/Src/stm32f4xx_hal_pwr.o
LOAD ./Drivers/STM32F4xx_HAL_Driver/Src/stm32f4xx_hal_pwr_ex.o
LOAD ./Drivers/STM32F4xx_HAL_Driver/Src/stm32f4xx_hal_rcc.o
LOAD ./Drivers/STM32F4xx_HAL_Driver/Src/stm32f4xx_hal_rcc_ex.o
LOAD ./Drivers/STM32F4xx_HAL_Driver/Src/stm32f4xx_hal_sdram.o
LOAD ./Drivers/STM32F4xx_HAL_Driver/Src/stm32f4xx_hal_spi.o
LOAD ./Drivers/STM32F4xx_HAL_Driver/Src/stm32f4xx_hal_tim.o
LOAD ./Drivers/STM32F4xx_HAL_Driver/Src/stm32f4xx_hal_tim_ex.o
LOAD ./Drivers/STM32F4xx_HAL_Driver/Src/stm32f4xx_hal_uart.o
LOAD ./Drivers/STM32F4xx_HAL_Driver/Src/stm32f4xx_ll_fmc.o
LOAD ./Middlewares/Third_Party/FreeRTOS/Source/CMSIS_RTOS/cmsis_os.o
LOAD ./Middlewares/Third_Party/FreeRTOS/Source/croutine.o
LOAD ./Middlewares/Third_Party/FreeRTOS/Source/event_groups.o
LOAD ./Middlewares/Third_Party/FreeRTOS/Source/list.o
LOAD ./Middlewares/Third_Party/FreeRTOS/Source/queue.o
LOAD ./Middlewares/Third_Party/FreeRTOS/Source/stream_buffer.o
LOAD ./Middlewares/Third_Party/FreeRTOS/Source/tasks.o
LOAD ./Middlewares/Third_Party/FreeRTOS/Source/timers.o
LOAD ./Middlewares/Third_Party/FreeRTOS/Source/portable/GCC/ARM_CM4F/port.o
LOAD ./Middlewares/Third_Party/FreeRTOS/Source/portable/MemMang/heap_4.o
START GROUP
LOAD c:/st/stm32cubeide_1.9.0/stm32cubeide/plugins/com.st.stm32cube.ide.mcu.externaltools.gnu-tools-for-stm32.10.3-2021.10.win32_1.0.0.202111181127/tools/bin/../lib/gcc/arm-none-eabi/10.3.1/../../../../arm-none-eabi/lib/thumb/v7e-m+fp/hard\libstdc++_nano.a
LOAD c:/st/stm32cubeide_1.9.0/stm32cubeide/plugins/com.st.stm32cube.ide.mcu.externaltools.gnu-tools-for-stm32.10.3-2021.10.win32_1.0.0.202111181127/tools/bin/../lib/gcc/arm-none-eabi/10.3.1/../../../../arm-none-eabi/lib/thumb/v7e-m+fp/hard\libsupc++_nano.a
END GROUP
LOAD c:/st/stm32cubeide_1.9.0/stm32cubeide/plugins/com.st.stm32cube.ide.mcu.externaltools.gnu-tools-for-stm32.10.3-2021.10.win32_1.0.0.202111181127/tools/bin/../lib/gcc/arm-none-eabi/10.3.1/../../../../arm-none-eabi/lib/thumb/v7e-m+fp/hard\libstdc++_nano.a
LOAD c:/st/stm32cubeide_1.9.0/stm32cubeide/plugins/com.st.stm32cube.ide.mcu.externaltools.gnu-tools-for-stm32.10.3-2021.10.win32_1.0.0.202111181127/tools/bin/../lib/gcc/arm-none-eabi/10.3.1/../../../../arm-none-eabi/lib/thumb/v7e-m+fp/hard\libm.a
LOAD c:/st/stm32cubeide_1.9.0/stm32cubeide/plugins/com.st.stm32cube.ide.mcu.externaltools.gnu-tools-for-stm32.10.3-2021.10.win32_1.0.0.202111181127/tools/bin/../lib/gcc/arm-none-eabi/10.3.1/../../../../arm-none-eabi/lib/thumb/v7e-m+fp/hard\libc_nano.a
START GROUP
LOAD c:/st/stm32cubeide_1.9.0/stm32cubeide/plugins/com.st.stm32cube.ide.mcu.externaltools.gnu-tools-for-stm32.10.3-2021.10.win32_1.0.0.202111181127/tools/bin/../lib/gcc/arm-none-eabi/10.3.1/thumb/v7e-m+fp/hard\libgcc.a
LOAD c:/st/stm32cubeide_1.9.0/stm32cubeide/plugins/com.st.stm32cube.ide.mcu.externaltools.gnu-tools-for-stm32.10.3-2021.10.win32_1.0.0.202111181127/tools/bin/../lib/gcc/arm-none-eabi/10.3.1/../../../../arm-none-eabi/lib/thumb/v7e-m+fp/hard\libc_nano.a
END GROUP
START GROUP
LOAD c:/st/stm32cubeide_1.9.0/stm32cubeide/plugins/com.st.stm32cube.ide.mcu.externaltools.gnu-tools-for-stm32.10.3-2021.10.win32_1.0.0.202111181127/tools/bin/../lib/gcc/arm-none-eabi/10.3.1/thumb/v7e-m+fp/hard\libgcc.a
LOAD c:/st/stm32cubeide_1.9.0/stm32cubeide/plugins/com.st.stm32cube.ide.mcu.externaltools.gnu-tools-for-stm32.10.3-2021.10.win32_1.0.0.202111181127/tools/bin/../lib/gcc/arm-none-eabi/10.3.1/../../../../arm-none-eabi/lib/thumb/v7e-m+fp/hard\libc_nano.a
LOAD c:/st/stm32cubeide_1.9.0/stm32cubeide/plugins/com.st.stm32cube.ide.mcu.externaltools.gnu-tools-for-stm32.10.3-2021.10.win32_1.0.0.202111181127/tools/bin/../lib/gcc/arm-none-eabi/10.3.1/../../../../arm-none-eabi/lib/thumb/v7e-m+fp/hard\libnosys.a
END GROUP
START GROUP
LOAD c:/st/stm32cubeide_1.9.0/stm32cubeide/plugins/com.st.stm32cube.ide.mcu.externaltools.gnu-tools-for-stm32.10.3-2021.10.win32_1.0.0.202111181127/tools/bin/../lib/gcc/arm-none-eabi/10.3.1/thumb/v7e-m+fp/hard\libgcc.a
LOAD c:/st/stm32cubeide_1.9.0/stm32cubeide/plugins/com.st.stm32cube.ide.mcu.externaltools.gnu-tools-for-stm32.10.3-2021.10.win32_1.0.0.202111181127/tools/bin/../lib/gcc/arm-none-eabi/10.3.1/../../../../arm-none-eabi/lib/thumb/v7e-m+fp/hard\libc_nano.a
LOAD c:/st/stm32cubeide_1.9.0/stm32cubeide/plugins/com.st.stm32cube.ide.mcu.externaltools.gnu-tools-for-stm32.10.3-2021.10.win32_1.0.0.202111181127/tools/bin/../lib/gcc/arm-none-eabi/10.3.1/../../../../arm-none-eabi/lib/thumb/v7e-m+fp/hard\libnosys.a
END GROUP
LOAD c:/st/stm32cubeide_1.9.0/stm32cubeide/plugins/com.st.stm32cube.ide.mcu.externaltools.gnu-tools-for-stm32.10.3-2021.10.win32_1.0.0.202111181127/tools/bin/../lib/gcc/arm-none-eabi/10.3.1/thumb/v7e-m+fp/hard/crtend.o
LOAD c:/st/stm32cubeide_1.9.0/stm32cubeide/plugins/com.st.stm32cube.ide.mcu.externaltools.gnu-tools-for-stm32.10.3-2021.10.win32_1.0.0.202111181127/tools/bin/../lib/gcc/arm-none-eabi/10.3.1/thumb/v7e-m+fp/hard/crtn.o
                0x0000000020030000                _estack = (ORIGIN (RAM) + LENGTH (RAM))
                0x0000000000000200                _Min_Heap_Size = 0x200
                0x0000000000000400                _Min_Stack_Size = 0x400

.isr_vector     0x0000000008000000      0x1ac
                0x0000000008000000                . = ALIGN (0x4)
 *(.isr_vector)
 .isr_vector    0x0000000008000000      0x1ac ./Core/Startup/startup_stm32f429zitx.o
                0x0000000008000000                g_pfnVectors
                0x00000000080001ac                . = ALIGN (0x4)

.text           0x00000000080001b0     0xbc7c
                0x00000000080001b0                . = ALIGN (0x4)
 *(.text)
 .text          0x00000000080001b0       0x40 c:/st/stm32cubeide_1.9.0/stm32cubeide/plugins/com.st.stm32cube.ide.mcu.externaltools.gnu-tools-for-stm32.10.3-2021.10.win32_1.0.0.202111181127/tools/bin/../lib/gcc/arm-none-eabi/10.3.1/thumb/v7e-m+fp/hard/crtbegin.o
 .text          0x00000000080001f0       0x10 c:/st/stm32cubeide_1.9.0/stm32cubeide/plugins/com.st.stm32cube.ide.mcu.externaltools.gnu-tools-for-stm32.10.3-2021.10.win32_1.0.0.202111181127/tools/bin/../lib/gcc/arm-none-eabi/10.3.1/../../../../arm-none-eabi/lib/thumb/v7e-m+fp/hard\libc_nano.a(lib_a-strlen.o)
                0x00000000080001f0                strlen
 .text          0x0000000008000200       0xa0 c:/st/stm32cubeide_1.9.0/stm32cubeide/plugins/com.st.stm32cube.ide.mcu.externaltools.gnu-tools-for-stm32.10.3-2021.10.win32_1.0.0.202111181127/tools/bin/../lib/gcc/arm-none-eabi/10.3.1/../../../../arm-none-eabi/lib/thumb/v7e-m+fp/hard\libc_nano.a(lib_a-memchr.o)
                0x0000000008000200                memchr
 .text          0x00000000080002a0      0x378 c:/st/stm32cubeide_1.9.0/stm32cubeide/plugins/com.st.stm32cube.ide.mcu.externaltools.gnu-tools-for-stm32.10.3-2021.10.win32_1.0.0.202111181127/tools/bin/../lib/gcc/arm-none-eabi/10.3.1/thumb/v7e-m+fp/hard\libgcc.a(_arm_addsubdf3.o)
                0x00000000080002a0                __aeabi_drsub
                0x00000000080002a8                __aeabi_dsub
                0x00000000080002a8                __subdf3
                0x00000000080002ac                __aeabi_dadd
                0x00000000080002ac                __adddf3
                0x0000000008000524                __floatunsidf
                0x0000000008000524                __aeabi_ui2d
                0x0000000008000544                __floatsidf
                0x0000000008000544                __aeabi_i2d
                0x0000000008000568                __aeabi_f2d
                0x0000000008000568                __extendsfdf2
                0x00000000080005ac                __floatundidf
                0x00000000080005ac                __aeabi_ul2d
                0x00000000080005bc                __floatdidf
                0x00000000080005bc                __aeabi_l2d
 .text          0x0000000008000618      0x424 c:/st/stm32cubeide_1.9.0/stm32cubeide/plugins/com.st.stm32cube.ide.mcu.externaltools.gnu-tools-for-stm32.10.3-2021.10.win32_1.0.0.202111181127/tools/bin/../lib/gcc/arm-none-eabi/10.3.1/thumb/v7e-m+fp/hard\libgcc.a(_arm_muldivdf3.o)
                0x0000000008000618                __aeabi_dmul
                0x0000000008000618                __muldf3
                0x000000000800086c                __divdf3
                0x000000000800086c                __aeabi_ddiv
 .text          0x0000000008000a3c      0x110 c:/st/stm32cubeide_1.9.0/stm32cubeide/plugins/com.st.stm32cube.ide.mcu.externaltools.gnu-tools-for-stm32.10.3-2021.10.win32_1.0.0.202111181127/tools/bin/../lib/gcc/arm-none-eabi/10.3.1/thumb/v7e-m+fp/hard\libgcc.a(_arm_cmpdf2.o)
                0x0000000008000a3c                __gtdf2
                0x0000000008000a3c                __gedf2
                0x0000000008000a44                __ltdf2
                0x0000000008000a44                __ledf2
                0x0000000008000a4c                __nedf2
                0x0000000008000a4c                __eqdf2
                0x0000000008000a4c                __cmpdf2
                0x0000000008000ac8                __aeabi_cdrcmple
                0x0000000008000ad8                __aeabi_cdcmpeq
                0x0000000008000ad8                __aeabi_cdcmple
                0x0000000008000ae8                __aeabi_dcmpeq
                0x0000000008000afc                __aeabi_dcmplt
                0x0000000008000b10                __aeabi_dcmple
                0x0000000008000b24                __aeabi_dcmpge
                0x0000000008000b38                __aeabi_dcmpgt
 .text          0x0000000008000b4c       0x2c c:/st/stm32cubeide_1.9.0/stm32cubeide/plugins/com.st.stm32cube.ide.mcu.externaltools.gnu-tools-for-stm32.10.3-2021.10.win32_1.0.0.202111181127/tools/bin/../lib/gcc/arm-none-eabi/10.3.1/thumb/v7e-m+fp/hard\libgcc.a(_arm_unorddf2.o)
                0x0000000008000b4c                __unorddf2
                0x0000000008000b4c                __aeabi_dcmpun
 .text          0x0000000008000b78       0x50 c:/st/stm32cubeide_1.9.0/stm32cubeide/plugins/com.st.stm32cube.ide.mcu.externaltools.gnu-tools-for-stm32.10.3-2021.10.win32_1.0.0.202111181127/tools/bin/../lib/gcc/arm-none-eabi/10.3.1/thumb/v7e-m+fp/hard\libgcc.a(_arm_fixdfsi.o)
                0x0000000008000b78                __aeabi_d2iz
                0x0000000008000b78                __fixdfsi
 .text          0x0000000008000bc8       0x40 c:/st/stm32cubeide_1.9.0/stm32cubeide/plugins/com.st.stm32cube.ide.mcu.externaltools.gnu-tools-for-stm32.10.3-2021.10.win32_1.0.0.202111181127/tools/bin/../lib/gcc/arm-none-eabi/10.3.1/thumb/v7e-m+fp/hard\libgcc.a(_arm_fixunsdfsi.o)
                0x0000000008000bc8                __aeabi_d2uiz
                0x0000000008000bc8                __fixunsdfsi
 .text          0x0000000008000c08       0xa0 c:/st/stm32cubeide_1.9.0/stm32cubeide/plugins/com.st.stm32cube.ide.mcu.externaltools.gnu-tools-for-stm32.10.3-2021.10.win32_1.0.0.202111181127/tools/bin/../lib/gcc/arm-none-eabi/10.3.1/thumb/v7e-m+fp/hard\libgcc.a(_arm_truncdfsf2.o)
                0x0000000008000c08                __truncdfsf2
                0x0000000008000c08                __aeabi_d2f
 .text          0x0000000008000ca8       0x30 c:/st/stm32cubeide_1.9.0/stm32cubeide/plugins/com.st.stm32cube.ide.mcu.externaltools.gnu-tools-for-stm32.10.3-2021.10.win32_1.0.0.202111181127/tools/bin/../lib/gcc/arm-none-eabi/10.3.1/thumb/v7e-m+fp/hard\libgcc.a(_aeabi_uldivmod.o)
                0x0000000008000ca8                __aeabi_uldivmod
 .text          0x0000000008000cd8       0x30 c:/st/stm32cubeide_1.9.0/stm32cubeide/plugins/com.st.stm32cube.ide.mcu.externaltools.gnu-tools-for-stm32.10.3-2021.10.win32_1.0.0.202111181127/tools/bin/../lib/gcc/arm-none-eabi/10.3.1/thumb/v7e-m+fp/hard\libgcc.a(_fixdfdi.o)
                0x0000000008000cd8                __fixdfdi
                0x0000000008000cd8                __aeabi_d2lz
 .text          0x0000000008000d08       0x3c c:/st/stm32cubeide_1.9.0/stm32cubeide/plugins/com.st.stm32cube.ide.mcu.externaltools.gnu-tools-for-stm32.10.3-2021.10.win32_1.0.0.202111181127/tools/bin/../lib/gcc/arm-none-eabi/10.3.1/thumb/v7e-m+fp/hard\libgcc.a(_fixunsdfdi.o)
                0x0000000008000d08                __fixunsdfdi
                0x0000000008000d08                __aeabi_d2ulz
 .text          0x0000000008000d44      0x2d0 c:/st/stm32cubeide_1.9.0/stm32cubeide/plugins/com.st.stm32cube.ide.mcu.externaltools.gnu-tools-for-stm32.10.3-2021.10.win32_1.0.0.202111181127/tools/bin/../lib/gcc/arm-none-eabi/10.3.1/thumb/v7e-m+fp/hard\libgcc.a(_udivmoddi4.o)
                0x0000000008000d44                __udivmoddi4
 .text          0x0000000008001014        0x4 c:/st/stm32cubeide_1.9.0/stm32cubeide/plugins/com.st.stm32cube.ide.mcu.externaltools.gnu-tools-for-stm32.10.3-2021.10.win32_1.0.0.202111181127/tools/bin/../lib/gcc/arm-none-eabi/10.3.1/thumb/v7e-m+fp/hard\libgcc.a(_dvmd_tls.o)
                0x0000000008001014                __aeabi_idiv0
                0x0000000008001014                __aeabi_ldiv0
 *(.text*)
 .text.vApplicationIdleHook
                0x0000000008001018        0x2 ./Core/Src/freertos.o
                0x0000000008001018                vApplicationIdleHook
 .text.vApplicationStackOverflowHook
                0x000000000800101a        0x2 ./Core/Src/freertos.o
                0x000000000800101a                vApplicationStackOverflowHook
 .text.vApplicationMallocFailedHook
                0x000000000800101c        0x2 ./Core/Src/freertos.o
                0x000000000800101c                vApplicationMallocFailedHook
 *fill*         0x000000000800101e        0x2 
 .text.vApplicationGetIdleTaskMemory
                0x0000000008001020       0x18 ./Core/Src/freertos.o
                0x0000000008001020                vApplicationGetIdleTaskMemory
 .text.StartEnemySteer
                0x0000000008001038       0xcc ./Core/Src/main.o
                0x0000000008001038                StartEnemySteer
 .text.SystemClock_Config
                0x0000000008001104       0xa8 ./Core/Src/main.o
                0x0000000008001104                SystemClock_Config
 .text.startup.main
                0x00000000080011ac      0x4bc ./Core/Src/main.o
                0x00000000080011ac                main
 .text._write   0x0000000008001668       0x18 ./Core/Src/main.o
                0x0000000008001668                _write
 .text.HAL_LTDC_ReloadEventCallback
                0x0000000008001680        0xc ./Core/Src/main.o
                0x0000000008001680                HAL_LTDC_ReloadEventCallback
 *fill*         0x000000000800168c        0x4 
 .text.Rewrite_History
                0x0000000008001690      0x294 ./Core/Src/main.o
                0x0000000008001690                Rewrite_History
 .text.StartDataGathering
                0x0000000008001924        0xe ./Core/Src/main.o
                0x0000000008001924                StartDataGathering
 *fill*         0x0000000008001932        0x6 
 .text.CheckForCollisions
                0x0000000008001938      0x3f0 ./Core/Src/main.o
                0x0000000008001938                CheckForCollisions
 .text.CheckForBoundaries
                0x0000000008001d28      0x10c ./Core/Src/main.o
                0x0000000008001d28                CheckForBoundaries
 .text.StartDefaultTask
                0x0000000008001e34      0x180 ./Core/Src/main.o
                0x0000000008001e34                StartDefaultTask
 .text.HAL_TIM_PeriodElapsedCallback
                0x0000000008001fb4       0x14 ./Core/Src/main.o
                0x0000000008001fb4                HAL_TIM_PeriodElapsedCallback
 .text.Error_Handler
                0x0000000008001fc8        0x4 ./Core/Src/main.o
                0x0000000008001fc8                Error_Handler
 .text.pid_init
                0x0000000008001fcc       0x6e ./Core/Src/pid.o
                0x0000000008001fcc                pid_init
 .text.pid_calc
                0x000000000800203a       0x92 ./Core/Src/pid.o
                0x000000000800203a                pid_calc
 .text.pid_scale
                0x00000000080020cc       0x16 ./Core/Src/pid.o
                0x00000000080020cc                pid_scale
 *fill*         0x00000000080020e2        0x2 
 .text.HAL_MspInit
                0x00000000080020e4       0x40 ./Core/Src/stm32f4xx_hal_msp.o
                0x00000000080020e4                HAL_MspInit
 .text.HAL_CRC_MspInit
                0x0000000008002124       0x30 ./Core/Src/stm32f4xx_hal_msp.o
                0x0000000008002124                HAL_CRC_MspInit
 .text.HAL_DMA2D_MspInit
                0x0000000008002154       0x44 ./Core/Src/stm32f4xx_hal_msp.o
                0x0000000008002154                HAL_DMA2D_MspInit
 .text.HAL_I2C_MspInit
                0x0000000008002198       0xa4 ./Core/Src/stm32f4xx_hal_msp.o
                0x0000000008002198                HAL_I2C_MspInit
 .text.HAL_LTDC_MspInit
                0x000000000800223c      0x1bc ./Core/Src/stm32f4xx_hal_msp.o
                0x000000000800223c                HAL_LTDC_MspInit
 .text.HAL_SPI_MspInit
                0x00000000080023f8       0x68 ./Core/Src/stm32f4xx_hal_msp.o
                0x00000000080023f8                HAL_SPI_MspInit
 .text.HAL_SPI_MspDeInit
                0x0000000008002460       0x2c ./Core/Src/stm32f4xx_hal_msp.o
                0x0000000008002460                HAL_SPI_MspDeInit
 .text.HAL_TIM_Base_MspInit
                0x000000000800248c       0x30 ./Core/Src/stm32f4xx_hal_msp.o
                0x000000000800248c                HAL_TIM_Base_MspInit
 .text.HAL_UART_MspInit
                0x00000000080024bc       0x7c ./Core/Src/stm32f4xx_hal_msp.o
                0x00000000080024bc                HAL_UART_MspInit
 .text.HAL_SDRAM_MspInit
                0x0000000008002538       0xd8 ./Core/Src/stm32f4xx_hal_msp.o
                0x0000000008002538                HAL_SDRAM_MspInit
 .text.HAL_InitTick
                0x0000000008002610       0x7c ./Core/Src/stm32f4xx_hal_timebase_tim.o
                0x0000000008002610                HAL_InitTick
 .text.NMI_Handler
                0x000000000800268c        0x2 ./Core/Src/stm32f4xx_it.o
                0x000000000800268c                NMI_Handler
 .text.HardFault_Handler
                0x000000000800268e        0x2 ./Core/Src/stm32f4xx_it.o
                0x000000000800268e                HardFault_Handler
 .text.MemManage_Handler
                0x0000000008002690        0x2 ./Core/Src/stm32f4xx_it.o
                0x0000000008002690                MemManage_Handler
 .text.BusFault_Handler
                0x0000000008002692        0x2 ./Core/Src/stm32f4xx_it.o
                0x0000000008002692                BusFault_Handler
 .text.UsageFault_Handler
                0x0000000008002694        0x2 ./Core/Src/stm32f4xx_it.o
                0x0000000008002694                UsageFault_Handler
 .text.DebugMon_Handler
                0x0000000008002696        0x2 ./Core/Src/stm32f4xx_it.o
                0x0000000008002696                DebugMon_Handler
 .text.USART1_IRQHandler
                0x0000000008002698        0xc ./Core/Src/stm32f4xx_it.o
                0x0000000008002698                USART1_IRQHandler
 .text.TIM6_DAC_IRQHandler
                0x00000000080026a4        0xc ./Core/Src/stm32f4xx_it.o
                0x00000000080026a4                TIM6_DAC_IRQHandler
 .text.LTDC_IRQHandler
                0x00000000080026b0        0xc ./Core/Src/stm32f4xx_it.o
                0x00000000080026b0                LTDC_IRQHandler
 .text.DMA2D_IRQHandler
                0x00000000080026bc        0xc ./Core/Src/stm32f4xx_it.o
                0x00000000080026bc                DMA2D_IRQHandler
 .text._getpid  0x00000000080026c8        0x4 ./Core/Src/syscalls.o
                0x00000000080026c8                _getpid
 .text._kill    0x00000000080026cc       0x10 ./Core/Src/syscalls.o
                0x00000000080026cc                _kill
 .text._exit    0x00000000080026dc        0xc ./Core/Src/syscalls.o
                0x00000000080026dc                _exit
 .text._read    0x00000000080026e8       0x1c ./Core/Src/syscalls.o
                0x00000000080026e8                _read
 .text._close   0x0000000008002704        0x6 ./Core/Src/syscalls.o
                0x0000000008002704                _close
 .text._fstat   0x000000000800270a        0xa ./Core/Src/syscalls.o
                0x000000000800270a                _fstat
 .text._isatty  0x0000000008002714        0x4 ./Core/Src/syscalls.o
                0x0000000008002714                _isatty
 .text._lseek   0x0000000008002718        0x4 ./Core/Src/syscalls.o
                0x0000000008002718                _lseek
 .text._sbrk    0x000000000800271c       0x40 ./Core/Src/sysmem.o
                0x000000000800271c                _sbrk
 .text.SystemInit
                0x000000000800275c       0x14 ./Core/Src/system_stm32f4xx.o
                0x000000000800275c                SystemInit
 .text.Reset_Handler
                0x0000000008002770       0x50 ./Core/Startup/startup_stm32f429zitx.o
                0x0000000008002770                Reset_Handler
 .text.Default_Handler
                0x00000000080027c0        0x2 ./Core/Startup/startup_stm32f429zitx.o
                0x00000000080027c0                RTC_Alarm_IRQHandler
                0x00000000080027c0                HASH_RNG_IRQHandler
                0x00000000080027c0                EXTI2_IRQHandler
                0x00000000080027c0                TIM8_CC_IRQHandler
                0x00000000080027c0                UART8_IRQHandler
                0x00000000080027c0                SPI4_IRQHandler
                0x00000000080027c0                TIM1_CC_IRQHandler
                0x00000000080027c0                DMA2_Stream5_IRQHandler
                0x00000000080027c0                DMA1_Stream5_IRQHandler
                0x00000000080027c0                PVD_IRQHandler
                0x00000000080027c0                SDIO_IRQHandler
                0x00000000080027c0                TAMP_STAMP_IRQHandler
                0x00000000080027c0                CAN2_RX1_IRQHandler
                0x00000000080027c0                EXTI3_IRQHandler
                0x00000000080027c0                TIM8_TRG_COM_TIM14_IRQHandler
                0x00000000080027c0                TIM1_UP_TIM10_IRQHandler
                0x00000000080027c0                TIM8_UP_TIM13_IRQHandler
                0x00000000080027c0                I2C3_ER_IRQHandler
                0x00000000080027c0                EXTI0_IRQHandler
                0x00000000080027c0                I2C2_EV_IRQHandler
                0x00000000080027c0                DMA1_Stream2_IRQHandler
                0x00000000080027c0                CAN1_RX0_IRQHandler
                0x00000000080027c0                FPU_IRQHandler
                0x00000000080027c0                OTG_HS_WKUP_IRQHandler
                0x00000000080027c0                LTDC_ER_IRQHandler
                0x00000000080027c0                CAN2_SCE_IRQHandler
                0x00000000080027c0                DMA2_Stream2_IRQHandler
                0x00000000080027c0                SPI1_IRQHandler
                0x00000000080027c0                TIM1_BRK_TIM9_IRQHandler
                0x00000000080027c0                DCMI_IRQHandler
                0x00000000080027c0                CAN2_RX0_IRQHandler
                0x00000000080027c0                DMA2_Stream3_IRQHandler
                0x00000000080027c0                USART6_IRQHandler
                0x00000000080027c0                USART3_IRQHandler
                0x00000000080027c0                CAN1_RX1_IRQHandler
                0x00000000080027c0                UART5_IRQHandler
                0x00000000080027c0                DMA2_Stream0_IRQHandler
                0x00000000080027c0                TIM4_IRQHandler
                0x00000000080027c0                I2C1_EV_IRQHandler
                0x00000000080027c0                DMA1_Stream6_IRQHandler
                0x00000000080027c0                DMA1_Stream1_IRQHandler
                0x00000000080027c0                UART4_IRQHandler
                0x00000000080027c0                TIM3_IRQHandler
                0x00000000080027c0                RCC_IRQHandler
                0x00000000080027c0                TIM8_BRK_TIM12_IRQHandler
                0x00000000080027c0                Default_Handler
                0x00000000080027c0                EXTI15_10_IRQHandler
                0x00000000080027c0                ADC_IRQHandler
                0x00000000080027c0                DMA1_Stream7_IRQHandler
                0x00000000080027c0                SPI5_IRQHandler
                0x00000000080027c0                TIM7_IRQHandler
                0x00000000080027c0                CAN2_TX_IRQHandler
                0x00000000080027c0                TIM5_IRQHandler
                0x00000000080027c0                DMA2_Stream7_IRQHandler
                0x00000000080027c0                I2C3_EV_IRQHandler
                0x00000000080027c0                EXTI9_5_IRQHandler
                0x00000000080027c0                RTC_WKUP_IRQHandler
                0x00000000080027c0                ETH_WKUP_IRQHandler
                0x00000000080027c0                SPI2_IRQHandler
                0x00000000080027c0                OTG_HS_EP1_IN_IRQHandler
                0x00000000080027c0                DMA1_Stream0_IRQHandler
                0x00000000080027c0                CAN1_TX_IRQHandler
                0x00000000080027c0                EXTI4_IRQHandler
                0x00000000080027c0                ETH_IRQHandler
                0x00000000080027c0                OTG_HS_EP1_OUT_IRQHandler
                0x00000000080027c0                WWDG_IRQHandler
                0x00000000080027c0                SPI6_IRQHandler
                0x00000000080027c0                TIM2_IRQHandler
                0x00000000080027c0                OTG_FS_WKUP_IRQHandler
                0x00000000080027c0                TIM1_TRG_COM_TIM11_IRQHandler
                0x00000000080027c0                OTG_HS_IRQHandler
                0x00000000080027c0                EXTI1_IRQHandler
                0x00000000080027c0                UART7_IRQHandler
                0x00000000080027c0                USART2_IRQHandler
                0x00000000080027c0                I2C2_ER_IRQHandler
                0x00000000080027c0                DMA2_Stream1_IRQHandler
                0x00000000080027c0                CAN1_SCE_IRQHandler
                0x00000000080027c0                FLASH_IRQHandler
                0x00000000080027c0                DMA2_Stream4_IRQHandler
                0x00000000080027c0                OTG_FS_IRQHandler
                0x00000000080027c0                SPI3_IRQHandler
                0x00000000080027c0                DMA1_Stream4_IRQHandler
                0x00000000080027c0                I2C1_ER_IRQHandler
                0x00000000080027c0                FMC_IRQHandler
                0x00000000080027c0                DMA2_Stream6_IRQHandler
                0x00000000080027c0                SAI1_IRQHandler
                0x00000000080027c0                DMA1_Stream3_IRQHandler
 .text.ili9341_GetLcdPixelWidth
                0x00000000080027c2        0x4 ./Drivers/BSP/Components/ili9341/ili9341.o
                0x00000000080027c2                ili9341_GetLcdPixelWidth
 .text.ili9341_GetLcdPixelHeight
                0x00000000080027c6        0x6 ./Drivers/BSP/Components/ili9341/ili9341.o
                0x00000000080027c6                ili9341_GetLcdPixelHeight
 .text.ili9341_DisplayOn
                0x00000000080027cc        0x6 ./Drivers/BSP/Components/ili9341/ili9341.o
                0x00000000080027cc                ili9341_DisplayOn
 .text.ili9341_DisplayOff
                0x00000000080027d2        0x6 ./Drivers/BSP/Components/ili9341/ili9341.o
                0x00000000080027d2                ili9341_DisplayOff
 .text.ili9341_Init
                0x00000000080027d8      0x292 ./Drivers/BSP/Components/ili9341/ili9341.o
                0x00000000080027d8                ili9341_Init
 .text.ili9341_ReadID
                0x0000000008002a6a       0x12 ./Drivers/BSP/Components/ili9341/ili9341.o
                0x0000000008002a6a                ili9341_ReadID
 .text.L3GD20_DeInit
                0x0000000008002a7c        0x2 ./Drivers/BSP/Components/l3gd20/l3gd20.o
                0x0000000008002a7c                L3GD20_DeInit
 .text.L3GD20_Init
                0x0000000008002a7e       0x34 ./Drivers/BSP/Components/l3gd20/l3gd20.o
                0x0000000008002a7e                L3GD20_Init
 .text.L3GD20_LowPower
                0x0000000008002ab2       0x18 ./Drivers/BSP/Components/l3gd20/l3gd20.o
                0x0000000008002ab2                L3GD20_LowPower
 .text.L3GD20_ReadID
                0x0000000008002aca       0x1c ./Drivers/BSP/Components/l3gd20/l3gd20.o
                0x0000000008002aca                L3GD20_ReadID
 .text.L3GD20_RebootCmd
                0x0000000008002ae6       0x2c ./Drivers/BSP/Components/l3gd20/l3gd20.o
                0x0000000008002ae6                L3GD20_RebootCmd
 .text.L3GD20_INT1InterruptConfig
                0x0000000008002b12       0x5e ./Drivers/BSP/Components/l3gd20/l3gd20.o
                0x0000000008002b12                L3GD20_INT1InterruptConfig
 .text.L3GD20_EnableIT
                0x0000000008002b70       0x40 ./Drivers/BSP/Components/l3gd20/l3gd20.o
                0x0000000008002b70                L3GD20_EnableIT
 .text.L3GD20_DisableIT
                0x0000000008002bb0       0x3c ./Drivers/BSP/Components/l3gd20/l3gd20.o
                0x0000000008002bb0                L3GD20_DisableIT
 .text.L3GD20_FilterConfig
                0x0000000008002bec       0x2e ./Drivers/BSP/Components/l3gd20/l3gd20.o
                0x0000000008002bec                L3GD20_FilterConfig
 .text.L3GD20_FilterCmd
                0x0000000008002c1a       0x2e ./Drivers/BSP/Components/l3gd20/l3gd20.o
                0x0000000008002c1a                L3GD20_FilterCmd
 .text.L3GD20_ReadXYZAngRate
                0x0000000008002c48       0xf0 ./Drivers/BSP/Components/l3gd20/l3gd20.o
                0x0000000008002c48                L3GD20_ReadXYZAngRate
 .text.SPIx_Init
                0x0000000008002d38       0x9c ./Drivers/BSP/STM32F429I-Discovery/stm32f429i_discovery.o
 .text.SPIx_Write
                0x0000000008002dd4       0x30 ./Drivers/BSP/STM32F429I-Discovery/stm32f429i_discovery.o
 .text.SPIx_WriteRead
                0x0000000008002e04       0x40 ./Drivers/BSP/STM32F429I-Discovery/stm32f429i_discovery.o
 .text.LCD_IO_Init
                0x0000000008002e44       0xb8 ./Drivers/BSP/STM32F429I-Discovery/stm32f429i_discovery.o
                0x0000000008002e44                LCD_IO_Init
 .text.LCD_IO_WriteData
                0x0000000008002efc       0x38 ./Drivers/BSP/STM32F429I-Discovery/stm32f429i_discovery.o
                0x0000000008002efc                LCD_IO_WriteData
 .text.LCD_IO_WriteReg
                0x0000000008002f34       0x38 ./Drivers/BSP/STM32F429I-Discovery/stm32f429i_discovery.o
                0x0000000008002f34                LCD_IO_WriteReg
 .text.LCD_IO_ReadData
                0x0000000008002f6c       0x6c ./Drivers/BSP/STM32F429I-Discovery/stm32f429i_discovery.o
                0x0000000008002f6c                LCD_IO_ReadData
 .text.LCD_Delay
                0x0000000008002fd8        0x4 ./Drivers/BSP/STM32F429I-Discovery/stm32f429i_discovery.o
                0x0000000008002fd8                LCD_Delay
 .text.GYRO_IO_Init
                0x0000000008002fdc       0x70 ./Drivers/BSP/STM32F429I-Discovery/stm32f429i_discovery.o
                0x0000000008002fdc                GYRO_IO_Init
 .text.GYRO_IO_Write
                0x000000000800304c       0x44 ./Drivers/BSP/STM32F429I-Discovery/stm32f429i_discovery.o
                0x000000000800304c                GYRO_IO_Write
 .text.GYRO_IO_Read
                0x0000000008003090       0x48 ./Drivers/BSP/STM32F429I-Discovery/stm32f429i_discovery.o
                0x0000000008003090                GYRO_IO_Read
 .text.BSP_GYRO_Init
                0x00000000080030d8       0x40 ./Drivers/BSP/STM32F429I-Discovery/stm32f429i_discovery_gyroscope.o
                0x00000000080030d8                BSP_GYRO_Init
 .text.BSP_GYRO_GetXYZ
                0x0000000008003118       0x10 ./Drivers/BSP/STM32F429I-Discovery/stm32f429i_discovery_gyroscope.o
                0x0000000008003118                BSP_GYRO_GetXYZ
 .text.FillBuffer
                0x0000000008003128       0x64 ./Drivers/BSP/STM32F429I-Discovery/stm32f429i_discovery_lcd.o
 .text.BSP_LCD_GetXSize
                0x000000000800318c       0x10 ./Drivers/BSP/STM32F429I-Discovery/stm32f429i_discovery_lcd.o
                0x000000000800318c                BSP_LCD_GetXSize
 .text.BSP_LCD_GetYSize
                0x000000000800319c       0x10 ./Drivers/BSP/STM32F429I-Discovery/stm32f429i_discovery_lcd.o
                0x000000000800319c                BSP_LCD_GetYSize
 .text.BSP_LCD_LayerDefaultInit
                0x00000000080031ac       0x7c ./Drivers/BSP/STM32F429I-Discovery/stm32f429i_discovery_lcd.o
                0x00000000080031ac                BSP_LCD_LayerDefaultInit
 .text.BSP_LCD_SelectLayer
                0x0000000008003228        0xc ./Drivers/BSP/STM32F429I-Discovery/stm32f429i_discovery_lcd.o
                0x0000000008003228                BSP_LCD_SelectLayer
 .text.BSP_LCD_SetTextColor
                0x0000000008003234       0x18 ./Drivers/BSP/STM32F429I-Discovery/stm32f429i_discovery_lcd.o
                0x0000000008003234                BSP_LCD_SetTextColor
 .text.BSP_LCD_SetBackColor
                0x000000000800324c       0x18 ./Drivers/BSP/STM32F429I-Discovery/stm32f429i_discovery_lcd.o
                0x000000000800324c                BSP_LCD_SetBackColor
 .text.BSP_LCD_SetFont
                0x0000000008003264       0x18 ./Drivers/BSP/STM32F429I-Discovery/stm32f429i_discovery_lcd.o
                0x0000000008003264                BSP_LCD_SetFont
 .text.BSP_LCD_Init
                0x000000000800327c      0x1d4 ./Drivers/BSP/STM32F429I-Discovery/stm32f429i_discovery_lcd.o
                0x000000000800327c                BSP_LCD_Init
 .text.BSP_LCD_GetFont
                0x0000000008003450       0x18 ./Drivers/BSP/STM32F429I-Discovery/stm32f429i_discovery_lcd.o
                0x0000000008003450                BSP_LCD_GetFont
 .text.BSP_LCD_Clear
                0x0000000008003468       0x40 ./Drivers/BSP/STM32F429I-Discovery/stm32f429i_discovery_lcd.o
                0x0000000008003468                BSP_LCD_Clear
 .text.BSP_LCD_DrawHLine
                0x00000000080034a8       0x50 ./Drivers/BSP/STM32F429I-Discovery/stm32f429i_discovery_lcd.o
                0x00000000080034a8                BSP_LCD_DrawHLine
 .text.BSP_LCD_FillRect
                0x00000000080034f8       0x74 ./Drivers/BSP/STM32F429I-Discovery/stm32f429i_discovery_lcd.o
                0x00000000080034f8                BSP_LCD_FillRect
 .text.BSP_LCD_DisplayOn
                0x000000000800356c       0x10 ./Drivers/BSP/STM32F429I-Discovery/stm32f429i_discovery_lcd.o
                0x000000000800356c                BSP_LCD_DisplayOn
 .text.BSP_LCD_DrawPixel
                0x000000000800357c       0x2c ./Drivers/BSP/STM32F429I-Discovery/stm32f429i_discovery_lcd.o
                0x000000000800357c                BSP_LCD_DrawPixel
 .text.BSP_LCD_DisplayChar
                0x00000000080035a8       0xd4 ./Drivers/BSP/STM32F429I-Discovery/stm32f429i_discovery_lcd.o
                0x00000000080035a8                BSP_LCD_DisplayChar
 .text.BSP_LCD_DisplayStringAt
                0x000000000800367c       0xbc ./Drivers/BSP/STM32F429I-Discovery/stm32f429i_discovery_lcd.o
                0x000000000800367c                BSP_LCD_DisplayStringAt
 .text.BSP_LCD_DisplayStringAtLine
                0x0000000008003738       0x22 ./Drivers/BSP/STM32F429I-Discovery/stm32f429i_discovery_lcd.o
                0x0000000008003738                BSP_LCD_DisplayStringAtLine
 *fill*         0x000000000800375a        0x2 
 .text.BSP_LCD_DrawCircle
                0x000000000800375c      0x120 ./Drivers/BSP/STM32F429I-Discovery/stm32f429i_discovery_lcd.o
                0x000000000800375c                BSP_LCD_DrawCircle
 .text.BSP_LCD_FillCircle
                0x000000000800387c       0xd4 ./Drivers/BSP/STM32F429I-Discovery/stm32f429i_discovery_lcd.o
                0x000000000800387c                BSP_LCD_FillCircle
 .text.BSP_SDRAM_Initialization_sequence
                0x0000000008003950       0x94 ./Drivers/BSP/STM32F429I-Discovery/stm32f429i_discovery_sdram.o
                0x0000000008003950                BSP_SDRAM_Initialization_sequence
 .text.BSP_SDRAM_Init
                0x00000000080039e4      0x1d8 ./Drivers/BSP/STM32F429I-Discovery/stm32f429i_discovery_sdram.o
                0x00000000080039e4                BSP_SDRAM_Init
 .text.HAL_Init
                0x0000000008003bbc       0x34 ./Drivers/STM32F4xx_HAL_Driver/Src/stm32f4xx_hal.o
                0x0000000008003bbc                HAL_Init
 .text.HAL_IncTick
                0x0000000008003bf0       0x18 ./Drivers/STM32F4xx_HAL_Driver/Src/stm32f4xx_hal.o
                0x0000000008003bf0                HAL_IncTick
 .text.HAL_GetTick
                0x0000000008003c08        0xc ./Drivers/STM32F4xx_HAL_Driver/Src/stm32f4xx_hal.o
                0x0000000008003c08                HAL_GetTick
 .text.HAL_Delay
                0x0000000008003c14       0x28 ./Drivers/STM32F4xx_HAL_Driver/Src/stm32f4xx_hal.o
                0x0000000008003c14                HAL_Delay
 .text.HAL_NVIC_SetPriorityGrouping
                0x0000000008003c3c       0x24 ./Drivers/STM32F4xx_HAL_Driver/Src/stm32f4xx_hal_cortex.o
                0x0000000008003c3c                HAL_NVIC_SetPriorityGrouping
 .text.HAL_NVIC_SetPriority
                0x0000000008003c60       0x64 ./Drivers/STM32F4xx_HAL_Driver/Src/stm32f4xx_hal_cortex.o
                0x0000000008003c60                HAL_NVIC_SetPriority
 .text.HAL_NVIC_EnableIRQ
                0x0000000008003cc4       0x1c ./Drivers/STM32F4xx_HAL_Driver/Src/stm32f4xx_hal_cortex.o
                0x0000000008003cc4                HAL_NVIC_EnableIRQ
 .text.HAL_CRC_Init
                0x0000000008003ce0       0x20 ./Drivers/STM32F4xx_HAL_Driver/Src/stm32f4xx_hal_crc.o
                0x0000000008003ce0                HAL_CRC_Init
 .text.DMA_CalcBaseAndBitshift
                0x0000000008003d00       0x2c ./Drivers/STM32F4xx_HAL_Driver/Src/stm32f4xx_hal_dma.o
 .text.HAL_DMA_Init
                0x0000000008003d2c      0x100 ./Drivers/STM32F4xx_HAL_Driver/Src/stm32f4xx_hal_dma.o
                0x0000000008003d2c                HAL_DMA_Init
 .text.HAL_DMA_DeInit
                0x0000000008003e2c       0x54 ./Drivers/STM32F4xx_HAL_Driver/Src/stm32f4xx_hal_dma.o
                0x0000000008003e2c                HAL_DMA_DeInit
 .text.HAL_DMA_Abort
                0x0000000008003e80       0x88 ./Drivers/STM32F4xx_HAL_Driver/Src/stm32f4xx_hal_dma.o
                0x0000000008003e80                HAL_DMA_Abort
 .text.HAL_DMA_Abort_IT
                0x0000000008003f08       0x24 ./Drivers/STM32F4xx_HAL_Driver/Src/stm32f4xx_hal_dma.o
                0x0000000008003f08                HAL_DMA_Abort_IT
 .text.DMA2D_SetConfig
                0x0000000008003f2c       0x84 ./Drivers/STM32F4xx_HAL_Driver/Src/stm32f4xx_hal_dma2d.o
 .text.HAL_DMA2D_Init
                0x0000000008003fb0       0x58 ./Drivers/STM32F4xx_HAL_Driver/Src/stm32f4xx_hal_dma2d.o
                0x0000000008003fb0                HAL_DMA2D_Init
 .text.HAL_DMA2D_Start
                0x0000000008004008       0x34 ./Drivers/STM32F4xx_HAL_Driver/Src/stm32f4xx_hal_dma2d.o
                0x0000000008004008                HAL_DMA2D_Start
 .text.HAL_DMA2D_PollForTransfer
                0x000000000800403c      0x102 ./Drivers/STM32F4xx_HAL_Driver/Src/stm32f4xx_hal_dma2d.o
                0x000000000800403c                HAL_DMA2D_PollForTransfer
 .text.HAL_DMA2D_LineEventCallback
                0x000000000800413e        0x2 ./Drivers/STM32F4xx_HAL_Driver/Src/stm32f4xx_hal_dma2d.o
                0x000000000800413e                HAL_DMA2D_LineEventCallback
 .text.HAL_DMA2D_CLUTLoadingCpltCallback
                0x0000000008004140        0x2 ./Drivers/STM32F4xx_HAL_Driver/Src/stm32f4xx_hal_dma2d.o
                0x0000000008004140                HAL_DMA2D_CLUTLoadingCpltCallback
 .text.HAL_DMA2D_IRQHandler
                0x0000000008004142      0x114 ./Drivers/STM32F4xx_HAL_Driver/Src/stm32f4xx_hal_dma2d.o
                0x0000000008004142                HAL_DMA2D_IRQHandler
 *fill*         0x0000000008004256        0x2 
 .text.HAL_DMA2D_ConfigLayer
                0x0000000008004258       0x88 ./Drivers/STM32F4xx_HAL_Driver/Src/stm32f4xx_hal_dma2d.o
                0x0000000008004258                HAL_DMA2D_ConfigLayer
 .text.HAL_GPIO_Init
                0x00000000080042e0      0x1cc ./Drivers/STM32F4xx_HAL_Driver/Src/stm32f4xx_hal_gpio.o
                0x00000000080042e0                HAL_GPIO_Init
 .text.HAL_GPIO_DeInit
                0x00000000080044ac      0x144 ./Drivers/STM32F4xx_HAL_Driver/Src/stm32f4xx_hal_gpio.o
                0x00000000080044ac                HAL_GPIO_DeInit
 .text.HAL_GPIO_ReadPin
                0x00000000080045f0        0xc ./Drivers/STM32F4xx_HAL_Driver/Src/stm32f4xx_hal_gpio.o
                0x00000000080045f0                HAL_GPIO_ReadPin
 .text.HAL_GPIO_WritePin
                0x00000000080045fc        0xa ./Drivers/STM32F4xx_HAL_Driver/Src/stm32f4xx_hal_gpio.o
                0x00000000080045fc                HAL_GPIO_WritePin
 *fill*         0x0000000008004606        0x2 
 .text.HAL_I2C_Init
                0x0000000008004608      0x150 ./Drivers/STM32F4xx_HAL_Driver/Src/stm32f4xx_hal_i2c.o
                0x0000000008004608                HAL_I2C_Init
 .text.HAL_I2CEx_ConfigAnalogFilter
                0x0000000008004758       0x3e ./Drivers/STM32F4xx_HAL_Driver/Src/stm32f4xx_hal_i2c_ex.o
                0x0000000008004758                HAL_I2CEx_ConfigAnalogFilter
 .text.HAL_I2CEx_ConfigDigitalFilter
                0x0000000008004796       0x3e ./Drivers/STM32F4xx_HAL_Driver/Src/stm32f4xx_hal_i2c_ex.o
                0x0000000008004796                HAL_I2CEx_ConfigDigitalFilter
 .text.LTDC_SetConfig
                0x00000000080047d4      0x10c ./Drivers/STM32F4xx_HAL_Driver/Src/stm32f4xx_hal_ltdc.o
 .text.HAL_LTDC_Init
                0x00000000080048e0       0xd8 ./Drivers/STM32F4xx_HAL_Driver/Src/stm32f4xx_hal_ltdc.o
                0x00000000080048e0                HAL_LTDC_Init
 .text.HAL_LTDC_ErrorCallback
                0x00000000080049b8        0x2 ./Drivers/STM32F4xx_HAL_Driver/Src/stm32f4xx_hal_ltdc.o
                0x00000000080049b8                HAL_LTDC_ErrorCallback
 .text.HAL_LTDC_LineEventCallback
                0x00000000080049ba        0x2 ./Drivers/STM32F4xx_HAL_Driver/Src/stm32f4xx_hal_ltdc.o
                0x00000000080049ba                HAL_LTDC_LineEventCallback
 .text.HAL_LTDC_IRQHandler
                0x00000000080049bc       0xba ./Drivers/STM32F4xx_HAL_Driver/Src/stm32f4xx_hal_ltdc.o
                0x00000000080049bc                HAL_LTDC_IRQHandler
 .text.HAL_LTDC_ConfigLayer
                0x0000000008004a76       0x5a ./Drivers/STM32F4xx_HAL_Driver/Src/stm32f4xx_hal_ltdc.o
                0x0000000008004a76                HAL_LTDC_ConfigLayer
 .text.HAL_LTDC_EnableDither
                0x0000000008004ad0       0x30 ./Drivers/STM32F4xx_HAL_Driver/Src/stm32f4xx_hal_ltdc.o
                0x0000000008004ad0                HAL_LTDC_EnableDither
 .text.HAL_PWREx_EnableOverDrive
                0x0000000008004b00       0x74 ./Drivers/STM32F4xx_HAL_Driver/Src/stm32f4xx_hal_pwr_ex.o
                0x0000000008004b00                HAL_PWREx_EnableOverDrive
 .text.HAL_RCC_OscConfig
                0x0000000008004b74      0x360 ./Drivers/STM32F4xx_HAL_Driver/Src/stm32f4xx_hal_rcc.o
                0x0000000008004b74                HAL_RCC_OscConfig
 .text.HAL_RCC_GetSysClockFreq
                0x0000000008004ed4       0x5c ./Drivers/STM32F4xx_HAL_Driver/Src/stm32f4xx_hal_rcc.o
                0x0000000008004ed4                HAL_RCC_GetSysClockFreq
 .text.HAL_RCC_ClockConfig
                0x0000000008004f30      0x138 ./Drivers/STM32F4xx_HAL_Driver/Src/stm32f4xx_hal_rcc.o
                0x0000000008004f30                HAL_RCC_ClockConfig
 .text.HAL_RCC_GetPCLK1Freq
                0x0000000008005068       0x20 ./Drivers/STM32F4xx_HAL_Driver/Src/stm32f4xx_hal_rcc.o
                0x0000000008005068                HAL_RCC_GetPCLK1Freq
 .text.HAL_RCC_GetPCLK2Freq
                0x0000000008005088       0x20 ./Drivers/STM32F4xx_HAL_Driver/Src/stm32f4xx_hal_rcc.o
                0x0000000008005088                HAL_RCC_GetPCLK2Freq
 .text.HAL_RCC_GetClockConfig
                0x00000000080050a8       0x3c ./Drivers/STM32F4xx_HAL_Driver/Src/stm32f4xx_hal_rcc.o
                0x00000000080050a8                HAL_RCC_GetClockConfig
 .text.HAL_RCCEx_PeriphCLKConfig
                0x00000000080050e4      0x254 ./Drivers/STM32F4xx_HAL_Driver/Src/stm32f4xx_hal_rcc_ex.o
                0x00000000080050e4                HAL_RCCEx_PeriphCLKConfig
 .text.HAL_SDRAM_Init
                0x0000000008005338       0x40 ./Drivers/STM32F4xx_HAL_Driver/Src/stm32f4xx_hal_sdram.o
                0x0000000008005338                HAL_SDRAM_Init
 .text.HAL_SDRAM_SendCommand
                0x0000000008005378       0x3c ./Drivers/STM32F4xx_HAL_Driver/Src/stm32f4xx_hal_sdram.o
                0x0000000008005378                HAL_SDRAM_SendCommand
 .text.HAL_SDRAM_ProgramRefreshRate
                0x00000000080053b4       0x30 ./Drivers/STM32F4xx_HAL_Driver/Src/stm32f4xx_hal_sdram.o
                0x00000000080053b4                HAL_SDRAM_ProgramRefreshRate
 .text.SPI_WaitFlagStateUntilTimeout.constprop.0
                0x00000000080053e4       0xa8 ./Drivers/STM32F4xx_HAL_Driver/Src/stm32f4xx_hal_spi.o
 .text.SPI_EndRxTransaction
                0x000000000800548c       0x54 ./Drivers/STM32F4xx_HAL_Driver/Src/stm32f4xx_hal_spi.o
 .text.SPI_EndRxTxTransaction
                0x00000000080054e0       0x58 ./Drivers/STM32F4xx_HAL_Driver/Src/stm32f4xx_hal_spi.o
 .text.HAL_SPI_Init
                0x0000000008005538       0xb8 ./Drivers/STM32F4xx_HAL_Driver/Src/stm32f4xx_hal_spi.o
                0x0000000008005538                HAL_SPI_Init
 .text.HAL_SPI_DeInit
                0x00000000080055f0       0x2c ./Drivers/STM32F4xx_HAL_Driver/Src/stm32f4xx_hal_spi.o
                0x00000000080055f0                HAL_SPI_DeInit
 .text.HAL_SPI_Transmit
                0x000000000800561c      0x15c ./Drivers/STM32F4xx_HAL_Driver/Src/stm32f4xx_hal_spi.o
                0x000000000800561c                HAL_SPI_Transmit
 .text.HAL_SPI_TransmitReceive
                0x0000000008005778      0x1e8 ./Drivers/STM32F4xx_HAL_Driver/Src/stm32f4xx_hal_spi.o
                0x0000000008005778                HAL_SPI_TransmitReceive
 .text.HAL_SPI_Receive
                0x0000000008005960      0x148 ./Drivers/STM32F4xx_HAL_Driver/Src/stm32f4xx_hal_spi.o
                0x0000000008005960                HAL_SPI_Receive
 .text.HAL_SPI_GetState
                0x0000000008005aa8        0x6 ./Drivers/STM32F4xx_HAL_Driver/Src/stm32f4xx_hal_spi.o
                0x0000000008005aa8                HAL_SPI_GetState
 *fill*         0x0000000008005aae        0x2 
 .text.HAL_TIM_Base_Start_IT
                0x0000000008005ab0       0x74 ./Drivers/STM32F4xx_HAL_Driver/Src/stm32f4xx_hal_tim.o
                0x0000000008005ab0                HAL_TIM_Base_Start_IT
 .text.HAL_TIM_OC_DelayElapsedCallback
                0x0000000008005b24        0x2 ./Drivers/STM32F4xx_HAL_Driver/Src/stm32f4xx_hal_tim.o
                0x0000000008005b24                HAL_TIM_OC_DelayElapsedCallback
 .text.HAL_TIM_IC_CaptureCallback
                0x0000000008005b26        0x2 ./Drivers/STM32F4xx_HAL_Driver/Src/stm32f4xx_hal_tim.o
                0x0000000008005b26                HAL_TIM_IC_CaptureCallback
 .text.HAL_TIM_PWM_PulseFinishedCallback
                0x0000000008005b28        0x2 ./Drivers/STM32F4xx_HAL_Driver/Src/stm32f4xx_hal_tim.o
                0x0000000008005b28                HAL_TIM_PWM_PulseFinishedCallback
 .text.HAL_TIM_TriggerCallback
                0x0000000008005b2a        0x2 ./Drivers/STM32F4xx_HAL_Driver/Src/stm32f4xx_hal_tim.o
                0x0000000008005b2a                HAL_TIM_TriggerCallback
 .text.HAL_TIM_IRQHandler
                0x0000000008005b2c      0x144 ./Drivers/STM32F4xx_HAL_Driver/Src/stm32f4xx_hal_tim.o
                0x0000000008005b2c                HAL_TIM_IRQHandler
 .text.TIM_Base_SetConfig
                0x0000000008005c70       0xcc ./Drivers/STM32F4xx_HAL_Driver/Src/stm32f4xx_hal_tim.o
                0x0000000008005c70                TIM_Base_SetConfig
 .text.HAL_TIM_Base_Init
                0x0000000008005d3c       0x58 ./Drivers/STM32F4xx_HAL_Driver/Src/stm32f4xx_hal_tim.o
                0x0000000008005d3c                HAL_TIM_Base_Init
 .text.TIM_ETR_SetConfig
                0x0000000008005d94       0x14 ./Drivers/STM32F4xx_HAL_Driver/Src/stm32f4xx_hal_tim.o
                0x0000000008005d94                TIM_ETR_SetConfig
 .text.HAL_TIM_ConfigClockSource
                0x0000000008005da8      0x138 ./Drivers/STM32F4xx_HAL_Driver/Src/stm32f4xx_hal_tim.o
                0x0000000008005da8                HAL_TIM_ConfigClockSource
 .text.HAL_TIMEx_MasterConfigSynchronization
                0x0000000008005ee0       0x7c ./Drivers/STM32F4xx_HAL_Driver/Src/stm32f4xx_hal_tim_ex.o
                0x0000000008005ee0                HAL_TIMEx_MasterConfigSynchronization
 .text.HAL_TIMEx_CommutCallback
                0x0000000008005f5c        0x2 ./Drivers/STM32F4xx_HAL_Driver/Src/stm32f4xx_hal_tim_ex.o
                0x0000000008005f5c                HAL_TIMEx_CommutCallback
 .text.HAL_TIMEx_BreakCallback
                0x0000000008005f5e        0x2 ./Drivers/STM32F4xx_HAL_Driver/Src/stm32f4xx_hal_tim_ex.o
                0x0000000008005f5e                HAL_TIMEx_BreakCallback
 .text.UART_EndRxTransfer
                0x0000000008005f60       0x5c ./Drivers/STM32F4xx_HAL_Driver/Src/stm32f4xx_hal_uart.o
 .text.UART_SetConfig
                0x0000000008005fbc       0xbc ./Drivers/STM32F4xx_HAL_Driver/Src/stm32f4xx_hal_uart.o
 .text.UART_WaitOnFlagUntilTimeout.constprop.0
                0x0000000008006078       0x6c ./Drivers/STM32F4xx_HAL_Driver/Src/stm32f4xx_hal_uart.o
 .text.HAL_UART_Init
                0x00000000080060e4       0x5c ./Drivers/STM32F4xx_HAL_Driver/Src/stm32f4xx_hal_uart.o
                0x00000000080060e4                HAL_UART_Init
 .text.HAL_UART_Transmit
                0x0000000008006140       0xaa ./Drivers/STM32F4xx_HAL_Driver/Src/stm32f4xx_hal_uart.o
                0x0000000008006140                HAL_UART_Transmit
 .text.HAL_UART_TxCpltCallback
                0x00000000080061ea        0x2 ./Drivers/STM32F4xx_HAL_Driver/Src/stm32f4xx_hal_uart.o
                0x00000000080061ea                HAL_UART_TxCpltCallback
 .text.HAL_UART_RxCpltCallback
                0x00000000080061ec        0x2 ./Drivers/STM32F4xx_HAL_Driver/Src/stm32f4xx_hal_uart.o
                0x00000000080061ec                HAL_UART_RxCpltCallback
 .text.HAL_UART_ErrorCallback
                0x00000000080061ee        0x2 ./Drivers/STM32F4xx_HAL_Driver/Src/stm32f4xx_hal_uart.o
                0x00000000080061ee                HAL_UART_ErrorCallback
 .text.UART_DMAAbortOnError
                0x00000000080061f0       0x10 ./Drivers/STM32F4xx_HAL_Driver/Src/stm32f4xx_hal_uart.o
 .text.HAL_UARTEx_RxEventCallback
                0x0000000008006200        0x2 ./Drivers/STM32F4xx_HAL_Driver/Src/stm32f4xx_hal_uart.o
                0x0000000008006200                HAL_UARTEx_RxEventCallback
 .text.UART_Receive_IT.part.0.isra.0
                0x0000000008006202       0xac ./Drivers/STM32F4xx_HAL_Driver/Src/stm32f4xx_hal_uart.o
 *fill*         0x00000000080062ae        0x2 
 .text.HAL_UART_IRQHandler
                0x00000000080062b0      0x2a0 ./Drivers/STM32F4xx_HAL_Driver/Src/stm32f4xx_hal_uart.o
                0x00000000080062b0                HAL_UART_IRQHandler
 .text.FMC_SDRAM_Init
                0x0000000008006550       0x76 ./Drivers/STM32F4xx_HAL_Driver/Src/stm32f4xx_ll_fmc.o
                0x0000000008006550                FMC_SDRAM_Init
 .text.FMC_SDRAM_Timing_Init
                0x00000000080065c6       0x6c ./Drivers/STM32F4xx_HAL_Driver/Src/stm32f4xx_ll_fmc.o
                0x00000000080065c6                FMC_SDRAM_Timing_Init
 .text.FMC_SDRAM_SendCommand
                0x0000000008006632       0x4c ./Drivers/STM32F4xx_HAL_Driver/Src/stm32f4xx_ll_fmc.o
                0x0000000008006632                FMC_SDRAM_SendCommand
 .text.FMC_SDRAM_ProgramRefreshRate
                0x000000000800667e       0x14 ./Drivers/STM32F4xx_HAL_Driver/Src/stm32f4xx_ll_fmc.o
                0x000000000800667e                FMC_SDRAM_ProgramRefreshRate
 .text.osKernelStart
                0x0000000008006692        0xa ./Middlewares/Third_Party/FreeRTOS/Source/CMSIS_RTOS/cmsis_os.o
                0x0000000008006692                osKernelStart
 .text.osThreadCreate
                0x000000000800669c       0x50 ./Middlewares/Third_Party/FreeRTOS/Source/CMSIS_RTOS/cmsis_os.o
                0x000000000800669c                osThreadCreate
 .text.osDelay  0x00000000080066ec       0x10 ./Middlewares/Third_Party/FreeRTOS/Source/CMSIS_RTOS/cmsis_os.o
                0x00000000080066ec                osDelay
 .text.vListInitialise
                0x00000000080066fc       0x16 ./Middlewares/Third_Party/FreeRTOS/Source/list.o
                0x00000000080066fc                vListInitialise
 .text.vListInitialiseItem
                0x0000000008006712        0x6 ./Middlewares/Third_Party/FreeRTOS/Source/list.o
                0x0000000008006712                vListInitialiseItem
 .text.vListInsertEnd
                0x0000000008006718       0x18 ./Middlewares/Third_Party/FreeRTOS/Source/list.o
                0x0000000008006718                vListInsertEnd
 .text.vListInsert
                0x0000000008006730       0x2e ./Middlewares/Third_Party/FreeRTOS/Source/list.o
                0x0000000008006730                vListInsert
 .text.uxListRemove
                0x000000000800675e       0x20 ./Middlewares/Third_Party/FreeRTOS/Source/list.o
                0x000000000800675e                uxListRemove
 *fill*         0x000000000800677e        0x2 
 .text.prvAddNewTaskToReadyList
                0x0000000008006780       0xfc ./Middlewares/Third_Party/FreeRTOS/Source/tasks.o
 .text.prvAddCurrentTaskToDelayedList
                0x000000000800687c       0x88 ./Middlewares/Third_Party/FreeRTOS/Source/tasks.o
 .text.prvResetNextTaskUnblockTime
                0x0000000008006904       0x24 ./Middlewares/Third_Party/FreeRTOS/Source/tasks.o
 .text.prvDeleteTCB
                0x0000000008006928       0x3c ./Middlewares/Third_Party/FreeRTOS/Source/tasks.o
 .text.prvIdleTask
                0x0000000008006964       0x64 ./Middlewares/Third_Party/FreeRTOS/Source/tasks.o
 .text.prvInitialiseNewTask.constprop.0
                0x00000000080069c8       0xc4 ./Middlewares/Third_Party/FreeRTOS/Source/tasks.o
 .text.xTaskCreateStatic
                0x0000000008006a8c       0x70 ./Middlewares/Third_Party/FreeRTOS/Source/tasks.o
                0x0000000008006a8c                xTaskCreateStatic
 .text.xTaskCreate
                0x0000000008006afc       0x5a ./Middlewares/Third_Party/FreeRTOS/Source/tasks.o
                0x0000000008006afc                xTaskCreate
 *fill*         0x0000000008006b56        0x2 
 .text.vTaskStartScheduler
                0x0000000008006b58       0x84 ./Middlewares/Third_Party/FreeRTOS/Source/tasks.o
                0x0000000008006b58                vTaskStartScheduler
 .text.vTaskSuspendAll
                0x0000000008006bdc       0x10 ./Middlewares/Third_Party/FreeRTOS/Source/tasks.o
                0x0000000008006bdc                vTaskSuspendAll
 .text.xTaskIncrementTick
                0x0000000008006bec      0x130 ./Middlewares/Third_Party/FreeRTOS/Source/tasks.o
                0x0000000008006bec                xTaskIncrementTick
 .text.xTaskResumeAll
                0x0000000008006d1c       0xf0 ./Middlewares/Third_Party/FreeRTOS/Source/tasks.o
                0x0000000008006d1c                xTaskResumeAll
 .text.vTaskDelay
                0x0000000008006e0c       0x48 ./Middlewares/Third_Party/FreeRTOS/Source/tasks.o
                0x0000000008006e0c                vTaskDelay
 .text.vTaskSwitchContext
                0x0000000008006e54       0xb0 ./Middlewares/Third_Party/FreeRTOS/Source/tasks.o
                0x0000000008006e54                vTaskSwitchContext
 .text.prvPortStartFirstTask
                0x0000000008006f04       0x28 ./Middlewares/Third_Party/FreeRTOS/Source/portable/GCC/ARM_CM4F/port.o
 .text.vPortEnableVFP
                0x0000000008006f2c       0x14 ./Middlewares/Third_Party/FreeRTOS/Source/portable/GCC/ARM_CM4F/port.o
 .text.prvTaskExitError
                0x0000000008006f40       0x40 ./Middlewares/Third_Party/FreeRTOS/Source/portable/GCC/ARM_CM4F/port.o
 .text.pxPortInitialiseStack
                0x0000000008006f80       0x2c ./Middlewares/Third_Party/FreeRTOS/Source/portable/GCC/ARM_CM4F/port.o
                0x0000000008006f80                pxPortInitialiseStack
 *fill*         0x0000000008006fac        0x4 
 .text.SVC_Handler
                0x0000000008006fb0       0x24 ./Middlewares/Third_Party/FreeRTOS/Source/portable/GCC/ARM_CM4F/port.o
                0x0000000008006fb0                SVC_Handler
 .text.vPortEnterCritical
                0x0000000008006fd4       0x40 ./Middlewares/Third_Party/FreeRTOS/Source/portable/GCC/ARM_CM4F/port.o
                0x0000000008006fd4                vPortEnterCritical
 .text.vPortExitCritical
                0x0000000008007014       0x28 ./Middlewares/Third_Party/FreeRTOS/Source/portable/GCC/ARM_CM4F/port.o
                0x0000000008007014                vPortExitCritical
 *fill*         0x000000000800703c        0x4 
 .text.PendSV_Handler
                0x0000000008007040       0x64 ./Middlewares/Third_Party/FreeRTOS/Source/portable/GCC/ARM_CM4F/port.o
                0x0000000008007040                PendSV_Handler
 .text.SysTick_Handler
                0x00000000080070a4       0x2c ./Middlewares/Third_Party/FreeRTOS/Source/portable/GCC/ARM_CM4F/port.o
                0x00000000080070a4                SysTick_Handler
 .text.vPortSetupTimerInterrupt
                0x00000000080070d0       0x24 ./Middlewares/Third_Party/FreeRTOS/Source/portable/GCC/ARM_CM4F/port.o
                0x00000000080070d0                vPortSetupTimerInterrupt
 .text.xPortStartScheduler
                0x00000000080070f4      0x10c ./Middlewares/Third_Party/FreeRTOS/Source/portable/GCC/ARM_CM4F/port.o
                0x00000000080070f4                xPortStartScheduler
 .text.prvInsertBlockIntoFreeList
                0x0000000008007200       0x48 ./Middlewares/Third_Party/FreeRTOS/Source/portable/MemMang/heap_4.o
 .text.pvPortMalloc
                0x0000000008007248      0x134 ./Middlewares/Third_Party/FreeRTOS/Source/portable/MemMang/heap_4.o
                0x0000000008007248                pvPortMalloc
 .text.vPortFree
                0x000000000800737c       0x7c ./Middlewares/Third_Party/FreeRTOS/Source/portable/MemMang/heap_4.o
                0x000000000800737c                vPortFree
 .text.__errno  0x00000000080073f8        0xc c:/st/stm32cubeide_1.9.0/stm32cubeide/plugins/com.st.stm32cube.ide.mcu.externaltools.gnu-tools-for-stm32.10.3-2021.10.win32_1.0.0.202111181127/tools/bin/../lib/gcc/arm-none-eabi/10.3.1/../../../../arm-none-eabi/lib/thumb/v7e-m+fp/hard\libc_nano.a(lib_a-errno.o)
                0x00000000080073f8                __errno
 .text.std      0x0000000008007404       0x48 c:/st/stm32cubeide_1.9.0/stm32cubeide/plugins/com.st.stm32cube.ide.mcu.externaltools.gnu-tools-for-stm32.10.3-2021.10.win32_1.0.0.202111181127/tools/bin/../lib/gcc/arm-none-eabi/10.3.1/../../../../arm-none-eabi/lib/thumb/v7e-m+fp/hard\libc_nano.a(lib_a-findfp.o)
 .text._cleanup_r
                0x000000000800744c        0xc c:/st/stm32cubeide_1.9.0/stm32cubeide/plugins/com.st.stm32cube.ide.mcu.externaltools.gnu-tools-for-stm32.10.3-2021.10.win32_1.0.0.202111181127/tools/bin/../lib/gcc/arm-none-eabi/10.3.1/../../../../arm-none-eabi/lib/thumb/v7e-m+fp/hard\libc_nano.a(lib_a-findfp.o)
                0x000000000800744c                _cleanup_r
 .text.__sfmoreglue
                0x0000000008007458       0x2c c:/st/stm32cubeide_1.9.0/stm32cubeide/plugins/com.st.stm32cube.ide.mcu.externaltools.gnu-tools-for-stm32.10.3-2021.10.win32_1.0.0.202111181127/tools/bin/../lib/gcc/arm-none-eabi/10.3.1/../../../../arm-none-eabi/lib/thumb/v7e-m+fp/hard\libc_nano.a(lib_a-findfp.o)
                0x0000000008007458                __sfmoreglue
 .text.__sfp_lock_acquire
                0x0000000008007484        0xc c:/st/stm32cubeide_1.9.0/stm32cubeide/plugins/com.st.stm32cube.ide.mcu.externaltools.gnu-tools-for-stm32.10.3-2021.10.win32_1.0.0.202111181127/tools/bin/../lib/gcc/arm-none-eabi/10.3.1/../../../../arm-none-eabi/lib/thumb/v7e-m+fp/hard\libc_nano.a(lib_a-findfp.o)
                0x0000000008007484                __sfp_lock_acquire
 .text.__sfp_lock_release
                0x0000000008007490        0xc c:/st/stm32cubeide_1.9.0/stm32cubeide/plugins/com.st.stm32cube.ide.mcu.externaltools.gnu-tools-for-stm32.10.3-2021.10.win32_1.0.0.202111181127/tools/bin/../lib/gcc/arm-none-eabi/10.3.1/../../../../arm-none-eabi/lib/thumb/v7e-m+fp/hard\libc_nano.a(lib_a-findfp.o)
                0x0000000008007490                __sfp_lock_release
 .text.__sinit_lock_acquire
                0x000000000800749c        0xc c:/st/stm32cubeide_1.9.0/stm32cubeide/plugins/com.st.stm32cube.ide.mcu.externaltools.gnu-tools-for-stm32.10.3-2021.10.win32_1.0.0.202111181127/tools/bin/../lib/gcc/arm-none-eabi/10.3.1/../../../../arm-none-eabi/lib/thumb/v7e-m+fp/hard\libc_nano.a(lib_a-findfp.o)
                0x000000000800749c                __sinit_lock_acquire
 .text.__sinit_lock_release
                0x00000000080074a8        0xc c:/st/stm32cubeide_1.9.0/stm32cubeide/plugins/com.st.stm32cube.ide.mcu.externaltools.gnu-tools-for-stm32.10.3-2021.10.win32_1.0.0.202111181127/tools/bin/../lib/gcc/arm-none-eabi/10.3.1/../../../../arm-none-eabi/lib/thumb/v7e-m+fp/hard\libc_nano.a(lib_a-findfp.o)
                0x00000000080074a8                __sinit_lock_release
 .text.__sinit  0x00000000080074b4       0x70 c:/st/stm32cubeide_1.9.0/stm32cubeide/plugins/com.st.stm32cube.ide.mcu.externaltools.gnu-tools-for-stm32.10.3-2021.10.win32_1.0.0.202111181127/tools/bin/../lib/gcc/arm-none-eabi/10.3.1/../../../../arm-none-eabi/lib/thumb/v7e-m+fp/hard\libc_nano.a(lib_a-findfp.o)
                0x00000000080074b4                __sinit
 .text.__sfp    0x0000000008007524       0x8c c:/st/stm32cubeide_1.9.0/stm32cubeide/plugins/com.st.stm32cube.ide.mcu.externaltools.gnu-tools-for-stm32.10.3-2021.10.win32_1.0.0.202111181127/tools/bin/../lib/gcc/arm-none-eabi/10.3.1/../../../../arm-none-eabi/lib/thumb/v7e-m+fp/hard\libc_nano.a(lib_a-findfp.o)
                0x0000000008007524                __sfp
 .text._fwalk_reent
                0x00000000080075b0       0x3e c:/st/stm32cubeide_1.9.0/stm32cubeide/plugins/com.st.stm32cube.ide.mcu.externaltools.gnu-tools-for-stm32.10.3-2021.10.win32_1.0.0.202111181127/tools/bin/../lib/gcc/arm-none-eabi/10.3.1/../../../../arm-none-eabi/lib/thumb/v7e-m+fp/hard\libc_nano.a(lib_a-fwalk.o)
                0x00000000080075b0                _fwalk_reent
 *fill*         0x00000000080075ee        0x2 
 .text.__libc_init_array
                0x00000000080075f0       0x48 c:/st/stm32cubeide_1.9.0/stm32cubeide/plugins/com.st.stm32cube.ide.mcu.externaltools.gnu-tools-for-stm32.10.3-2021.10.win32_1.0.0.202111181127/tools/bin/../lib/gcc/arm-none-eabi/10.3.1/../../../../arm-none-eabi/lib/thumb/v7e-m+fp/hard\libc_nano.a(lib_a-init.o)
                0x00000000080075f0                __libc_init_array
 .text.__retarget_lock_init_recursive
                0x0000000008007638        0x2 c:/st/stm32cubeide_1.9.0/stm32cubeide/plugins/com.st.stm32cube.ide.mcu.externaltools.gnu-tools-for-stm32.10.3-2021.10.win32_1.0.0.202111181127/tools/bin/../lib/gcc/arm-none-eabi/10.3.1/../../../../arm-none-eabi/lib/thumb/v7e-m+fp/hard\libc_nano.a(lib_a-lock.o)
                0x0000000008007638                __retarget_lock_init_recursive
 .text.__retarget_lock_acquire_recursive
                0x000000000800763a        0x2 c:/st/stm32cubeide_1.9.0/stm32cubeide/plugins/com.st.stm32cube.ide.mcu.externaltools.gnu-tools-for-stm32.10.3-2021.10.win32_1.0.0.202111181127/tools/bin/../lib/gcc/arm-none-eabi/10.3.1/../../../../arm-none-eabi/lib/thumb/v7e-m+fp/hard\libc_nano.a(lib_a-lock.o)
                0x000000000800763a                __retarget_lock_acquire_recursive
 .text.__retarget_lock_release_recursive
                0x000000000800763c        0x2 c:/st/stm32cubeide_1.9.0/stm32cubeide/plugins/com.st.stm32cube.ide.mcu.externaltools.gnu-tools-for-stm32.10.3-2021.10.win32_1.0.0.202111181127/tools/bin/../lib/gcc/arm-none-eabi/10.3.1/../../../../arm-none-eabi/lib/thumb/v7e-m+fp/hard\libc_nano.a(lib_a-lock.o)
                0x000000000800763c                __retarget_lock_release_recursive
 .text.memcpy   0x000000000800763e       0x1c c:/st/stm32cubeide_1.9.0/stm32cubeide/plugins/com.st.stm32cube.ide.mcu.externaltools.gnu-tools-for-stm32.10.3-2021.10.win32_1.0.0.202111181127/tools/bin/../lib/gcc/arm-none-eabi/10.3.1/../../../../arm-none-eabi/lib/thumb/v7e-m+fp/hard\libc_nano.a(lib_a-memcpy-stub.o)
                0x000000000800763e                memcpy
 .text.memset   0x000000000800765a       0x10 c:/st/stm32cubeide_1.9.0/stm32cubeide/plugins/com.st.stm32cube.ide.mcu.externaltools.gnu-tools-for-stm32.10.3-2021.10.win32_1.0.0.202111181127/tools/bin/../lib/gcc/arm-none-eabi/10.3.1/../../../../arm-none-eabi/lib/thumb/v7e-m+fp/hard\libc_nano.a(lib_a-memset.o)
                0x000000000800765a                memset
 *fill*         0x000000000800766a        0x2 
 .text.sbrk_aligned
                0x000000000800766c       0x40 c:/st/stm32cubeide_1.9.0/stm32cubeide/plugins/com.st.stm32cube.ide.mcu.externaltools.gnu-tools-for-stm32.10.3-2021.10.win32_1.0.0.202111181127/tools/bin/../lib/gcc/arm-none-eabi/10.3.1/../../../../arm-none-eabi/lib/thumb/v7e-m+fp/hard\libc_nano.a(lib_a-nano-mallocr.o)
 .text._malloc_r
                0x00000000080076ac       0xe8 c:/st/stm32cubeide_1.9.0/stm32cubeide/plugins/com.st.stm32cube.ide.mcu.externaltools.gnu-tools-for-stm32.10.3-2021.10.win32_1.0.0.202111181127/tools/bin/../lib/gcc/arm-none-eabi/10.3.1/../../../../arm-none-eabi/lib/thumb/v7e-m+fp/hard\libc_nano.a(lib_a-nano-mallocr.o)
                0x00000000080076ac                _malloc_r
 .text.__cvt    0x0000000008007794       0xc4 c:/st/stm32cubeide_1.9.0/stm32cubeide/plugins/com.st.stm32cube.ide.mcu.externaltools.gnu-tools-for-stm32.10.3-2021.10.win32_1.0.0.202111181127/tools/bin/../lib/gcc/arm-none-eabi/10.3.1/../../../../arm-none-eabi/lib/thumb/v7e-m+fp/hard\libc_nano.a(lib_a-nano-vfprintf_float.o)
                0x0000000008007794                __cvt
 .text.__exponent
                0x0000000008007858       0x7c c:/st/stm32cubeide_1.9.0/stm32cubeide/plugins/com.st.stm32cube.ide.mcu.externaltools.gnu-tools-for-stm32.10.3-2021.10.win32_1.0.0.202111181127/tools/bin/../lib/gcc/arm-none-eabi/10.3.1/../../../../arm-none-eabi/lib/thumb/v7e-m+fp/hard\libc_nano.a(lib_a-nano-vfprintf_float.o)
                0x0000000008007858                __exponent
 .text._printf_float
                0x00000000080078d4      0x46c c:/st/stm32cubeide_1.9.0/stm32cubeide/plugins/com.st.stm32cube.ide.mcu.externaltools.gnu-tools-for-stm32.10.3-2021.10.win32_1.0.0.202111181127/tools/bin/../lib/gcc/arm-none-eabi/10.3.1/../../../../arm-none-eabi/lib/thumb/v7e-m+fp/hard\libc_nano.a(lib_a-nano-vfprintf_float.o)
                0x00000000080078d4                _printf_float
 .text._printf_common
                0x0000000008007d40       0xda c:/st/stm32cubeide_1.9.0/stm32cubeide/plugins/com.st.stm32cube.ide.mcu.externaltools.gnu-tools-for-stm32.10.3-2021.10.win32_1.0.0.202111181127/tools/bin/../lib/gcc/arm-none-eabi/10.3.1/../../../../arm-none-eabi/lib/thumb/v7e-m+fp/hard\libc_nano.a(lib_a-nano-vfprintf_i.o)
                0x0000000008007d40                _printf_common
 *fill*         0x0000000008007e1a        0x2 
 .text._printf_i
                0x0000000008007e1c      0x24c c:/st/stm32cubeide_1.9.0/stm32cubeide/plugins/com.st.stm32cube.ide.mcu.externaltools.gnu-tools-for-stm32.10.3-2021.10.win32_1.0.0.202111181127/tools/bin/../lib/gcc/arm-none-eabi/10.3.1/../../../../arm-none-eabi/lib/thumb/v7e-m+fp/hard\libc_nano.a(lib_a-nano-vfprintf_i.o)
                0x0000000008007e1c                _printf_i
 .text._scanf_float
                0x0000000008008068      0x420 c:/st/stm32cubeide_1.9.0/stm32cubeide/plugins/com.st.stm32cube.ide.mcu.externaltools.gnu-tools-for-stm32.10.3-2021.10.win32_1.0.0.202111181127/tools/bin/../lib/gcc/arm-none-eabi/10.3.1/../../../../arm-none-eabi/lib/thumb/v7e-m+fp/hard\libc_nano.a(lib_a-nano-vfscanf_float.o)
                0x0000000008008068                _scanf_float
 .text.cleanup_glue
                0x0000000008008488       0x1a c:/st/stm32cubeide_1.9.0/stm32cubeide/plugins/com.st.stm32cube.ide.mcu.externaltools.gnu-tools-for-stm32.10.3-2021.10.win32_1.0.0.202111181127/tools/bin/../lib/gcc/arm-none-eabi/10.3.1/../../../../arm-none-eabi/lib/thumb/v7e-m+fp/hard\libc_nano.a(lib_a-reent.o)
                0x0000000008008488                cleanup_glue
 *fill*         0x00000000080084a2        0x2 
 .text._reclaim_reent
                0x00000000080084a4       0xb8 c:/st/stm32cubeide_1.9.0/stm32cubeide/plugins/com.st.stm32cube.ide.mcu.externaltools.gnu-tools-for-stm32.10.3-2021.10.win32_1.0.0.202111181127/tools/bin/../lib/gcc/arm-none-eabi/10.3.1/../../../../arm-none-eabi/lib/thumb/v7e-m+fp/hard\libc_nano.a(lib_a-reent.o)
                0x00000000080084a4                _reclaim_reent
 .text._sbrk_r  0x000000000800855c       0x20 c:/st/stm32cubeide_1.9.0/stm32cubeide/plugins/com.st.stm32cube.ide.mcu.externaltools.gnu-tools-for-stm32.10.3-2021.10.win32_1.0.0.202111181127/tools/bin/../lib/gcc/arm-none-eabi/10.3.1/../../../../arm-none-eabi/lib/thumb/v7e-m+fp/hard\libc_nano.a(lib_a-sbrkr.o)
                0x000000000800855c                _sbrk_r
 .text.nanf     0x000000000800857c        0xc c:/st/stm32cubeide_1.9.0/stm32cubeide/plugins/com.st.stm32cube.ide.mcu.externaltools.gnu-tools-for-stm32.10.3-2021.10.win32_1.0.0.202111181127/tools/bin/../lib/gcc/arm-none-eabi/10.3.1/../../../../arm-none-eabi/lib/thumb/v7e-m+fp/hard\libc_nano.a(lib_a-sf_nan.o)
                0x000000000800857c                nanf
 .text.sprintf  0x0000000008008588       0x40 c:/st/stm32cubeide_1.9.0/stm32cubeide/plugins/com.st.stm32cube.ide.mcu.externaltools.gnu-tools-for-stm32.10.3-2021.10.win32_1.0.0.202111181127/tools/bin/../lib/gcc/arm-none-eabi/10.3.1/../../../../arm-none-eabi/lib/thumb/v7e-m+fp/hard\libc_nano.a(lib_a-sprintf.o)
                0x0000000008008588                siprintf
                0x0000000008008588                sprintf
 .text.__sread  0x00000000080085c8       0x22 c:/st/stm32cubeide_1.9.0/stm32cubeide/plugins/com.st.stm32cube.ide.mcu.externaltools.gnu-tools-for-stm32.10.3-2021.10.win32_1.0.0.202111181127/tools/bin/../lib/gcc/arm-none-eabi/10.3.1/../../../../arm-none-eabi/lib/thumb/v7e-m+fp/hard\libc_nano.a(lib_a-stdio.o)
                0x00000000080085c8                __sread
 .text.__swrite
                0x00000000080085ea       0x38 c:/st/stm32cubeide_1.9.0/stm32cubeide/plugins/com.st.stm32cube.ide.mcu.externaltools.gnu-tools-for-stm32.10.3-2021.10.win32_1.0.0.202111181127/tools/bin/../lib/gcc/arm-none-eabi/10.3.1/../../../../arm-none-eabi/lib/thumb/v7e-m+fp/hard\libc_nano.a(lib_a-stdio.o)
                0x00000000080085ea                __swrite
 .text.__sseek  0x0000000008008622       0x24 c:/st/stm32cubeide_1.9.0/stm32cubeide/plugins/com.st.stm32cube.ide.mcu.externaltools.gnu-tools-for-stm32.10.3-2021.10.win32_1.0.0.202111181127/tools/bin/../lib/gcc/arm-none-eabi/10.3.1/../../../../arm-none-eabi/lib/thumb/v7e-m+fp/hard\libc_nano.a(lib_a-stdio.o)
                0x0000000008008622                __sseek
 .text.__sclose
                0x0000000008008646        0x8 c:/st/stm32cubeide_1.9.0/stm32cubeide/plugins/com.st.stm32cube.ide.mcu.externaltools.gnu-tools-for-stm32.10.3-2021.10.win32_1.0.0.202111181127/tools/bin/../lib/gcc/arm-none-eabi/10.3.1/../../../../arm-none-eabi/lib/thumb/v7e-m+fp/hard\libc_nano.a(lib_a-stdio.o)
                0x0000000008008646                __sclose
 .text.sulp     0x000000000800864e       0x38 c:/st/stm32cubeide_1.9.0/stm32cubeide/plugins/com.st.stm32cube.ide.mcu.externaltools.gnu-tools-for-stm32.10.3-2021.10.win32_1.0.0.202111181127/tools/bin/../lib/gcc/arm-none-eabi/10.3.1/../../../../arm-none-eabi/lib/thumb/v7e-m+fp/hard\libc_nano.a(lib_a-strtod.o)
 *fill*         0x0000000008008686        0x2 
 .text._strtod_l
                0x0000000008008688      0xc0c c:/st/stm32cubeide_1.9.0/stm32cubeide/plugins/com.st.stm32cube.ide.mcu.externaltools.gnu-tools-for-stm32.10.3-2021.10.win32_1.0.0.202111181127/tools/bin/../lib/gcc/arm-none-eabi/10.3.1/../../../../arm-none-eabi/lib/thumb/v7e-m+fp/hard\libc_nano.a(lib_a-strtod.o)
                0x0000000008008688                _strtod_l
 .text._strtod_r
                0x0000000008009294        0xc c:/st/stm32cubeide_1.9.0/stm32cubeide/plugins/com.st.stm32cube.ide.mcu.externaltools.gnu-tools-for-stm32.10.3-2021.10.win32_1.0.0.202111181127/tools/bin/../lib/gcc/arm-none-eabi/10.3.1/../../../../arm-none-eabi/lib/thumb/v7e-m+fp/hard\libc_nano.a(lib_a-strtod.o)
                0x0000000008009294                _strtod_r
 .text._strtol_l.constprop.0
                0x00000000080092a0      0x104 c:/st/stm32cubeide_1.9.0/stm32cubeide/plugins/com.st.stm32cube.ide.mcu.externaltools.gnu-tools-for-stm32.10.3-2021.10.win32_1.0.0.202111181127/tools/bin/../lib/gcc/arm-none-eabi/10.3.1/../../../../arm-none-eabi/lib/thumb/v7e-m+fp/hard\libc_nano.a(lib_a-strtol.o)
 .text._strtol_r
                0x00000000080093a4        0x4 c:/st/stm32cubeide_1.9.0/stm32cubeide/plugins/com.st.stm32cube.ide.mcu.externaltools.gnu-tools-for-stm32.10.3-2021.10.win32_1.0.0.202111181127/tools/bin/../lib/gcc/arm-none-eabi/10.3.1/../../../../arm-none-eabi/lib/thumb/v7e-m+fp/hard\libc_nano.a(lib_a-strtol.o)
                0x00000000080093a4                _strtol_r
 .text._write_r
                0x00000000080093a8       0x24 c:/st/stm32cubeide_1.9.0/stm32cubeide/plugins/com.st.stm32cube.ide.mcu.externaltools.gnu-tools-for-stm32.10.3-2021.10.win32_1.0.0.202111181127/tools/bin/../lib/gcc/arm-none-eabi/10.3.1/../../../../arm-none-eabi/lib/thumb/v7e-m+fp/hard\libc_nano.a(lib_a-writer.o)
                0x00000000080093a8                _write_r
 .text._close_r
                0x00000000080093cc       0x20 c:/st/stm32cubeide_1.9.0/stm32cubeide/plugins/com.st.stm32cube.ide.mcu.externaltools.gnu-tools-for-stm32.10.3-2021.10.win32_1.0.0.202111181127/tools/bin/../lib/gcc/arm-none-eabi/10.3.1/../../../../arm-none-eabi/lib/thumb/v7e-m+fp/hard\libc_nano.a(lib_a-closer.o)
                0x00000000080093cc                _close_r
 .text.quorem   0x00000000080093ec      0x116 c:/st/stm32cubeide_1.9.0/stm32cubeide/plugins/com.st.stm32cube.ide.mcu.externaltools.gnu-tools-for-stm32.10.3-2021.10.win32_1.0.0.202111181127/tools/bin/../lib/gcc/arm-none-eabi/10.3.1/../../../../arm-none-eabi/lib/thumb/v7e-m+fp/hard\libc_nano.a(lib_a-dtoa.o)
 *fill*         0x0000000008009502        0x6 
 .text._dtoa_r  0x0000000008009508      0xbdc c:/st/stm32cubeide_1.9.0/stm32cubeide/plugins/com.st.stm32cube.ide.mcu.externaltools.gnu-tools-for-stm32.10.3-2021.10.win32_1.0.0.202111181127/tools/bin/../lib/gcc/arm-none-eabi/10.3.1/../../../../arm-none-eabi/lib/thumb/v7e-m+fp/hard\libc_nano.a(lib_a-dtoa.o)
                0x0000000008009508                _dtoa_r
 .text.__sflush_r
                0x000000000800a0e4      0x10c c:/st/stm32cubeide_1.9.0/stm32cubeide/plugins/com.st.stm32cube.ide.mcu.externaltools.gnu-tools-for-stm32.10.3-2021.10.win32_1.0.0.202111181127/tools/bin/../lib/gcc/arm-none-eabi/10.3.1/../../../../arm-none-eabi/lib/thumb/v7e-m+fp/hard\libc_nano.a(lib_a-fflush.o)
                0x000000000800a0e4                __sflush_r
 .text._fflush_r
                0x000000000800a1f0       0x78 c:/st/stm32cubeide_1.9.0/stm32cubeide/plugins/com.st.stm32cube.ide.mcu.externaltools.gnu-tools-for-stm32.10.3-2021.10.win32_1.0.0.202111181127/tools/bin/../lib/gcc/arm-none-eabi/10.3.1/../../../../arm-none-eabi/lib/thumb/v7e-m+fp/hard\libc_nano.a(lib_a-fflush.o)
                0x000000000800a1f0                _fflush_r
 .text.rshift   0x000000000800a268       0xa4 c:/st/stm32cubeide_1.9.0/stm32cubeide/plugins/com.st.stm32cube.ide.mcu.externaltools.gnu-tools-for-stm32.10.3-2021.10.win32_1.0.0.202111181127/tools/bin/../lib/gcc/arm-none-eabi/10.3.1/../../../../arm-none-eabi/lib/thumb/v7e-m+fp/hard\libc_nano.a(lib_a-gdtoa-gethex.o)
 .text.__hexdig_fun
                0x000000000800a30c       0x2a c:/st/stm32cubeide_1.9.0/stm32cubeide/plugins/com.st.stm32cube.ide.mcu.externaltools.gnu-tools-for-stm32.10.3-2021.10.win32_1.0.0.202111181127/tools/bin/../lib/gcc/arm-none-eabi/10.3.1/../../../../arm-none-eabi/lib/thumb/v7e-m+fp/hard\libc_nano.a(lib_a-gdtoa-gethex.o)
                0x000000000800a30c                __hexdig_fun
 *fill*         0x000000000800a336        0x2 
 .text.__gethex
                0x000000000800a338      0x48c c:/st/stm32cubeide_1.9.0/stm32cubeide/plugins/com.st.stm32cube.ide.mcu.externaltools.gnu-tools-for-stm32.10.3-2021.10.win32_1.0.0.202111181127/tools/bin/../lib/gcc/arm-none-eabi/10.3.1/../../../../arm-none-eabi/lib/thumb/v7e-m+fp/hard\libc_nano.a(lib_a-gdtoa-gethex.o)
                0x000000000800a338                __gethex
 .text.L_shift  0x000000000800a7c4       0x24 c:/st/stm32cubeide_1.9.0/stm32cubeide/plugins/com.st.stm32cube.ide.mcu.externaltools.gnu-tools-for-stm32.10.3-2021.10.win32_1.0.0.202111181127/tools/bin/../lib/gcc/arm-none-eabi/10.3.1/../../../../arm-none-eabi/lib/thumb/v7e-m+fp/hard\libc_nano.a(lib_a-gdtoa-hexnan.o)
 .text.__match  0x000000000800a7e8       0x28 c:/st/stm32cubeide_1.9.0/stm32cubeide/plugins/com.st.stm32cube.ide.mcu.externaltools.gnu-tools-for-stm32.10.3-2021.10.win32_1.0.0.202111181127/tools/bin/../lib/gcc/arm-none-eabi/10.3.1/../../../../arm-none-eabi/lib/thumb/v7e-m+fp/hard\libc_nano.a(lib_a-gdtoa-hexnan.o)
                0x000000000800a7e8                __match
 .text.__hexnan
                0x000000000800a810      0x138 c:/st/stm32cubeide_1.9.0/stm32cubeide/plugins/com.st.stm32cube.ide.mcu.externaltools.gnu-tools-for-stm32.10.3-2021.10.win32_1.0.0.202111181127/tools/bin/../lib/gcc/arm-none-eabi/10.3.1/../../../../arm-none-eabi/lib/thumb/v7e-m+fp/hard\libc_nano.a(lib_a-gdtoa-hexnan.o)
                0x000000000800a810                __hexnan
 .text._localeconv_r
                0x000000000800a948        0x8 c:/st/stm32cubeide_1.9.0/stm32cubeide/plugins/com.st.stm32cube.ide.mcu.externaltools.gnu-tools-for-stm32.10.3-2021.10.win32_1.0.0.202111181127/tools/bin/../lib/gcc/arm-none-eabi/10.3.1/../../../../arm-none-eabi/lib/thumb/v7e-m+fp/hard\libc_nano.a(lib_a-localeconv.o)
                0x000000000800a948                _localeconv_r
 .text._lseek_r
                0x000000000800a950       0x24 c:/st/stm32cubeide_1.9.0/stm32cubeide/plugins/com.st.stm32cube.ide.mcu.externaltools.gnu-tools-for-stm32.10.3-2021.10.win32_1.0.0.202111181127/tools/bin/../lib/gcc/arm-none-eabi/10.3.1/../../../../arm-none-eabi/lib/thumb/v7e-m+fp/hard\libc_nano.a(lib_a-lseekr.o)
                0x000000000800a950                _lseek_r
 .text.malloc   0x000000000800a974       0x10 c:/st/stm32cubeide_1.9.0/stm32cubeide/plugins/com.st.stm32cube.ide.mcu.externaltools.gnu-tools-for-stm32.10.3-2021.10.win32_1.0.0.202111181127/tools/bin/../lib/gcc/arm-none-eabi/10.3.1/../../../../arm-none-eabi/lib/thumb/v7e-m+fp/hard\libc_nano.a(lib_a-malloc.o)
                0x000000000800a974                malloc
 .text.__ascii_mbtowc
                0x000000000800a984       0x24 c:/st/stm32cubeide_1.9.0/stm32cubeide/plugins/com.st.stm32cube.ide.mcu.externaltools.gnu-tools-for-stm32.10.3-2021.10.win32_1.0.0.202111181127/tools/bin/../lib/gcc/arm-none-eabi/10.3.1/../../../../arm-none-eabi/lib/thumb/v7e-m+fp/hard\libc_nano.a(lib_a-mbtowc_r.o)
                0x000000000800a984                __ascii_mbtowc
 .text.__malloc_lock
                0x000000000800a9a8        0xc c:/st/stm32cubeide_1.9.0/stm32cubeide/plugins/com.st.stm32cube.ide.mcu.externaltools.gnu-tools-for-stm32.10.3-2021.10.win32_1.0.0.202111181127/tools/bin/../lib/gcc/arm-none-eabi/10.3.1/../../../../arm-none-eabi/lib/thumb/v7e-m+fp/hard\libc_nano.a(lib_a-mlock.o)
                0x000000000800a9a8                __malloc_lock
 .text.__malloc_unlock
                0x000000000800a9b4        0xc c:/st/stm32cubeide_1.9.0/stm32cubeide/plugins/com.st.stm32cube.ide.mcu.externaltools.gnu-tools-for-stm32.10.3-2021.10.win32_1.0.0.202111181127/tools/bin/../lib/gcc/arm-none-eabi/10.3.1/../../../../arm-none-eabi/lib/thumb/v7e-m+fp/hard\libc_nano.a(lib_a-mlock.o)
                0x000000000800a9b4                __malloc_unlock
 .text._Balloc  0x000000000800a9c0       0x80 c:/st/stm32cubeide_1.9.0/stm32cubeide/plugins/com.st.stm32cube.ide.mcu.externaltools.gnu-tools-for-stm32.10.3-2021.10.win32_1.0.0.202111181127/tools/bin/../lib/gcc/arm-none-eabi/10.3.1/../../../../arm-none-eabi/lib/thumb/v7e-m+fp/hard\libc_nano.a(lib_a-mprec.o)
                0x000000000800a9c0                _Balloc
 .text._Bfree   0x000000000800aa40       0x44 c:/st/stm32cubeide_1.9.0/stm32cubeide/plugins/com.st.stm32cube.ide.mcu.externaltools.gnu-tools-for-stm32.10.3-2021.10.win32_1.0.0.202111181127/tools/bin/../lib/gcc/arm-none-eabi/10.3.1/../../../../arm-none-eabi/lib/thumb/v7e-m+fp/hard\libc_nano.a(lib_a-mprec.o)
                0x000000000800aa40                _Bfree
 .text.__multadd
                0x000000000800aa84       0x8c c:/st/stm32cubeide_1.9.0/stm32cubeide/plugins/com.st.stm32cube.ide.mcu.externaltools.gnu-tools-for-stm32.10.3-2021.10.win32_1.0.0.202111181127/tools/bin/../lib/gcc/arm-none-eabi/10.3.1/../../../../arm-none-eabi/lib/thumb/v7e-m+fp/hard\libc_nano.a(lib_a-mprec.o)
                0x000000000800aa84                __multadd
 .text.__s2b    0x000000000800ab10       0x94 c:/st/stm32cubeide_1.9.0/stm32cubeide/plugins/com.st.stm32cube.ide.mcu.externaltools.gnu-tools-for-stm32.10.3-2021.10.win32_1.0.0.202111181127/tools/bin/../lib/gcc/arm-none-eabi/10.3.1/../../../../arm-none-eabi/lib/thumb/v7e-m+fp/hard\libc_nano.a(lib_a-mprec.o)
                0x000000000800ab10                __s2b
 .text.__hi0bits
                0x000000000800aba4       0x40 c:/st/stm32cubeide_1.9.0/stm32cubeide/plugins/com.st.stm32cube.ide.mcu.externaltools.gnu-tools-for-stm32.10.3-2021.10.win32_1.0.0.202111181127/tools/bin/../lib/gcc/arm-none-eabi/10.3.1/../../../../arm-none-eabi/lib/thumb/v7e-m+fp/hard\libc_nano.a(lib_a-mprec.o)
                0x000000000800aba4                __hi0bits
 .text.__lo0bits
                0x000000000800abe4       0x5e c:/st/stm32cubeide_1.9.0/stm32cubeide/plugins/com.st.stm32cube.ide.mcu.externaltools.gnu-tools-for-stm32.10.3-2021.10.win32_1.0.0.202111181127/tools/bin/../lib/gcc/arm-none-eabi/10.3.1/../../../../arm-none-eabi/lib/thumb/v7e-m+fp/hard\libc_nano.a(lib_a-mprec.o)
                0x000000000800abe4                __lo0bits
 *fill*         0x000000000800ac42        0x2 
 .text.__i2b    0x000000000800ac44       0x2c c:/st/stm32cubeide_1.9.0/stm32cubeide/plugins/com.st.stm32cube.ide.mcu.externaltools.gnu-tools-for-stm32.10.3-2021.10.win32_1.0.0.202111181127/tools/bin/../lib/gcc/arm-none-eabi/10.3.1/../../../../arm-none-eabi/lib/thumb/v7e-m+fp/hard\libc_nano.a(lib_a-mprec.o)
                0x000000000800ac44                __i2b
 .text.__multiply
                0x000000000800ac70      0x154 c:/st/stm32cubeide_1.9.0/stm32cubeide/plugins/com.st.stm32cube.ide.mcu.externaltools.gnu-tools-for-stm32.10.3-2021.10.win32_1.0.0.202111181127/tools/bin/../lib/gcc/arm-none-eabi/10.3.1/../../../../arm-none-eabi/lib/thumb/v7e-m+fp/hard\libc_nano.a(lib_a-mprec.o)
                0x000000000800ac70                __multiply
 .text.__pow5mult
                0x000000000800adc4       0xb4 c:/st/stm32cubeide_1.9.0/stm32cubeide/plugins/com.st.stm32cube.ide.mcu.externaltools.gnu-tools-for-stm32.10.3-2021.10.win32_1.0.0.202111181127/tools/bin/../lib/gcc/arm-none-eabi/10.3.1/../../../../arm-none-eabi/lib/thumb/v7e-m+fp/hard\libc_nano.a(lib_a-mprec.o)
                0x000000000800adc4                __pow5mult
 .text.__lshift
                0x000000000800ae78       0xe0 c:/st/stm32cubeide_1.9.0/stm32cubeide/plugins/com.st.stm32cube.ide.mcu.externaltools.gnu-tools-for-stm32.10.3-2021.10.win32_1.0.0.202111181127/tools/bin/../lib/gcc/arm-none-eabi/10.3.1/../../../../arm-none-eabi/lib/thumb/v7e-m+fp/hard\libc_nano.a(lib_a-mprec.o)
                0x000000000800ae78                __lshift
 .text.__mcmp   0x000000000800af58       0x38 c:/st/stm32cubeide_1.9.0/stm32cubeide/plugins/com.st.stm32cube.ide.mcu.externaltools.gnu-tools-for-stm32.10.3-2021.10.win32_1.0.0.202111181127/tools/bin/../lib/gcc/arm-none-eabi/10.3.1/../../../../arm-none-eabi/lib/thumb/v7e-m+fp/hard\libc_nano.a(lib_a-mprec.o)
                0x000000000800af58                __mcmp
 .text.__mdiff  0x000000000800af90      0x114 c:/st/stm32cubeide_1.9.0/stm32cubeide/plugins/com.st.stm32cube.ide.mcu.externaltools.gnu-tools-for-stm32.10.3-2021.10.win32_1.0.0.202111181127/tools/bin/../lib/gcc/arm-none-eabi/10.3.1/../../../../arm-none-eabi/lib/thumb/v7e-m+fp/hard\libc_nano.a(lib_a-mprec.o)
                0x000000000800af90                __mdiff
 .text.__ulp    0x000000000800b0a4       0x58 c:/st/stm32cubeide_1.9.0/stm32cubeide/plugins/com.st.stm32cube.ide.mcu.externaltools.gnu-tools-for-stm32.10.3-2021.10.win32_1.0.0.202111181127/tools/bin/../lib/gcc/arm-none-eabi/10.3.1/../../../../arm-none-eabi/lib/thumb/v7e-m+fp/hard\libc_nano.a(lib_a-mprec.o)
                0x000000000800b0a4                __ulp
 .text.__b2d    0x000000000800b0fc       0xa0 c:/st/stm32cubeide_1.9.0/stm32cubeide/plugins/com.st.stm32cube.ide.mcu.externaltools.gnu-tools-for-stm32.10.3-2021.10.win32_1.0.0.202111181127/tools/bin/../lib/gcc/arm-none-eabi/10.3.1/../../../../arm-none-eabi/lib/thumb/v7e-m+fp/hard\libc_nano.a(lib_a-mprec.o)
                0x000000000800b0fc                __b2d
 .text.__d2b    0x000000000800b19c       0xb8 c:/st/stm32cubeide_1.9.0/stm32cubeide/plugins/com.st.stm32cube.ide.mcu.externaltools.gnu-tools-for-stm32.10.3-2021.10.win32_1.0.0.202111181127/tools/bin/../lib/gcc/arm-none-eabi/10.3.1/../../../../arm-none-eabi/lib/thumb/v7e-m+fp/hard\libc_nano.a(lib_a-mprec.o)
                0x000000000800b19c                __d2b
 .text.__ratio  0x000000000800b254       0x66 c:/st/stm32cubeide_1.9.0/stm32cubeide/plugins/com.st.stm32cube.ide.mcu.externaltools.gnu-tools-for-stm32.10.3-2021.10.win32_1.0.0.202111181127/tools/bin/../lib/gcc/arm-none-eabi/10.3.1/../../../../arm-none-eabi/lib/thumb/v7e-m+fp/hard\libc_nano.a(lib_a-mprec.o)
                0x000000000800b254                __ratio
 .text.__copybits
                0x000000000800b2ba       0x46 c:/st/stm32cubeide_1.9.0/stm32cubeide/plugins/com.st.stm32cube.ide.mcu.externaltools.gnu-tools-for-stm32.10.3-2021.10.win32_1.0.0.202111181127/tools/bin/../lib/gcc/arm-none-eabi/10.3.1/../../../../arm-none-eabi/lib/thumb/v7e-m+fp/hard\libc_nano.a(lib_a-mprec.o)
                0x000000000800b2ba                __copybits
 .text.__any_on
                0x000000000800b300       0x42 c:/st/stm32cubeide_1.9.0/stm32cubeide/plugins/com.st.stm32cube.ide.mcu.externaltools.gnu-tools-for-stm32.10.3-2021.10.win32_1.0.0.202111181127/tools/bin/../lib/gcc/arm-none-eabi/10.3.1/../../../../arm-none-eabi/lib/thumb/v7e-m+fp/hard\libc_nano.a(lib_a-mprec.o)
                0x000000000800b300                __any_on
 .text._calloc_r
                0x000000000800b342       0x2c c:/st/stm32cubeide_1.9.0/stm32cubeide/plugins/com.st.stm32cube.ide.mcu.externaltools.gnu-tools-for-stm32.10.3-2021.10.win32_1.0.0.202111181127/tools/bin/../lib/gcc/arm-none-eabi/10.3.1/../../../../arm-none-eabi/lib/thumb/v7e-m+fp/hard\libc_nano.a(lib_a-nano-callocr.o)
                0x000000000800b342                _calloc_r
 *fill*         0x000000000800b36e        0x2 
 .text._free_r  0x000000000800b370       0x98 c:/st/stm32cubeide_1.9.0/stm32cubeide/plugins/com.st.stm32cube.ide.mcu.externaltools.gnu-tools-for-stm32.10.3-2021.10.win32_1.0.0.202111181127/tools/bin/../lib/gcc/arm-none-eabi/10.3.1/../../../../arm-none-eabi/lib/thumb/v7e-m+fp/hard\libc_nano.a(lib_a-nano-freer.o)
                0x000000000800b370                _free_r
 .text.__ssputs_r
                0x000000000800b408       0xb6 c:/st/stm32cubeide_1.9.0/stm32cubeide/plugins/com.st.stm32cube.ide.mcu.externaltools.gnu-tools-for-stm32.10.3-2021.10.win32_1.0.0.202111181127/tools/bin/../lib/gcc/arm-none-eabi/10.3.1/../../../../arm-none-eabi/lib/thumb/v7e-m+fp/hard\libc_nano.a(lib_a-nano-svfprintf.o)
                0x000000000800b408                __ssputs_r
 *fill*         0x000000000800b4be        0x2 
 .text._svfprintf_r
                0x000000000800b4c0      0x200 c:/st/stm32cubeide_1.9.0/stm32cubeide/plugins/com.st.stm32cube.ide.mcu.externaltools.gnu-tools-for-stm32.10.3-2021.10.win32_1.0.0.202111181127/tools/bin/../lib/gcc/arm-none-eabi/10.3.1/../../../../arm-none-eabi/lib/thumb/v7e-m+fp/hard\libc_nano.a(lib_a-nano-svfprintf.o)
                0x000000000800b4c0                _svfiprintf_r
                0x000000000800b4c0                _svfprintf_r
 .text._read_r  0x000000000800b6c0       0x24 c:/st/stm32cubeide_1.9.0/stm32cubeide/plugins/com.st.stm32cube.ide.mcu.externaltools.gnu-tools-for-stm32.10.3-2021.10.win32_1.0.0.202111181127/tools/bin/../lib/gcc/arm-none-eabi/10.3.1/../../../../arm-none-eabi/lib/thumb/v7e-m+fp/hard\libc_nano.a(lib_a-readr.o)
                0x000000000800b6c0                _read_r
 *fill*         0x000000000800b6e4        0x4 
 .text.nan      0x000000000800b6e8       0x10 c:/st/stm32cubeide_1.9.0/stm32cubeide/plugins/com.st.stm32cube.ide.mcu.externaltools.gnu-tools-for-stm32.10.3-2021.10.win32_1.0.0.202111181127/tools/bin/../lib/gcc/arm-none-eabi/10.3.1/../../../../arm-none-eabi/lib/thumb/v7e-m+fp/hard\libc_nano.a(lib_a-s_nan.o)
                0x000000000800b6e8                nan
 .text.strncmp  0x000000000800b6f8       0x28 c:/st/stm32cubeide_1.9.0/stm32cubeide/plugins/com.st.stm32cube.ide.mcu.externaltools.gnu-tools-for-stm32.10.3-2021.10.win32_1.0.0.202111181127/tools/bin/../lib/gcc/arm-none-eabi/10.3.1/../../../../arm-none-eabi/lib/thumb/v7e-m+fp/hard\libc_nano.a(lib_a-strncmp.o)
                0x000000000800b6f8                strncmp
 .text.__ascii_wctomb
                0x000000000800b720       0x1a c:/st/stm32cubeide_1.9.0/stm32cubeide/plugins/com.st.stm32cube.ide.mcu.externaltools.gnu-tools-for-stm32.10.3-2021.10.win32_1.0.0.202111181127/tools/bin/../lib/gcc/arm-none-eabi/10.3.1/../../../../arm-none-eabi/lib/thumb/v7e-m+fp/hard\libc_nano.a(lib_a-wctomb_r.o)
                0x000000000800b720                __ascii_wctomb
 *fill*         0x000000000800b73a        0x2 
 .text.__assert_func